I/O    : uncollated
diagonal:  Solving for rho, Initial residual = 0, Final residual = 0, No Iterations 0
diagonal:  Solving for Ux, Initial residual = 0, Final residual = 0, No Iterations 0
diagonal:  Solving for Uy, Initial residual = 0, Final residual = 0, No Iterations 0
diagonal:  Solving for Uz, Initial residual = 0, Final residual = 0, No Iterations 0
DILUPBiCGStab:  Solving for e, Initial residual = 3.37279e-06, Final residual = 2.56411e-14, No Iterations 1
DICPCG:  Solving for p_rgh, Initial residual = 1, Final residual = 4.75587e-18, No Iterations 3
diagonal:  Solving for rho, Initial residual = 0, Final residual = 0, No Iterations 0
DICPCG:  Solving for p_rgh, Initial residual = 1.02151e-16, Final residual = 1.02151e-16, No Iterations 0
diagonal:  Solving for rho, Initial residual = 0, Final residual = 0, No Iterations 0
diagonal:  Solving for Ux, Initial residual = 0, Final residual = 0, No Iterations 0
diagonal:  Solving for Uy, Initial residual = 0, Final residual = 0, No Iterations 0
diagonal:  Solving for Uz, Initial residual = 0, Final residual = 0, No Iterations 0
DILUPBiCGStab:  Solving for e, Initial residual = 0.513081, Final residual = 3.28373e-14, No Iterations 1
DICPCG:  Solving for p_rgh, Initial residual = 1.02151e-16, Final residual = 1.02151e-16, No Iterations 0
diagonal:  Solving for rho, Initial residual = 0, Final residual = 0, No Iterations 0
DICPCG:  Solving for p_rgh, Initial residual = 1.02151e-16, Final residual = 1.02151e-16, No Iterations 0
diagonal:  Solving for rho, Initial residual = 0, Final residual = 0, No Iterations 0
diagonal:  Solving for Ux, Initial residual = 0, Final residual = 0, No Iterations 0
diagonal:  Solving for Uy, Initial residual = 0, Final residual = 0, No Iterations 0
diagonal:  Solving for Uz, Initial residual = 0, Final residual = 0, No Iterations 0
DILUPBiCGStab:  Solving for e, Initial residual = 4.86521e-13, Final residual = 4.86521e-13, No Iterations 0
DICPCG:  Solving for p_rgh, Initial residual = 1.02151e-16, Final residual = 1.02151e-16, No Iterations 0
diagonal:  Solving for rho, Initial residual = 0, Final residual = 0, No Iterations 0
DICPCG:  Solving for p_rgh, Initial residual = 1.02151e-16, Final residual = 1.02151e-16, No Iterations 0
diagonal:  Solving for rho, Initial residual = 0, Final residual = 0, No Iterations 0
diagonal:  Solving for Ux, Initial residual = 0, Final residual = 0, No Iterations 0
diagonal:  Solving for Uy, Initial residual = 0, Final residual = 0, No Iterations 0
diagonal:  Solving for Uz, Initial residual = 0, Final residual = 0, No Iterations 0
DILUPBiCGStab:  Solving for e, Initial residual = 4.86521e-13, Final residual = 4.86521e-13, No Iterations 0
DICPCG:  Solving for p_rgh, Initial residual = 1.02151e-16, Final residual = 1.02151e-16, No Iterations 0
diagonal:  Solving for rho, Initial residual = 0, Final residual = 0, No Iterations 0
DICPCG:  Solving for p_rgh, Initial residual = 1.02151e-16, Final residual = 1.02151e-16, No Iterations 0
diagonal:  Solving for rho, Initial residual = 0, Final residual = 0, No Iterations 0
diagonal:  Solving for Ux, Initial residual = 0, Final residual = 0, No Iterations 0
diagonal:  Solving for Uy, Initial residual = 0, Final residual = 0, No Iterations 0
diagonal:  Solving for Uz, Initial residual = 0, Final residual = 0, No Iterations 0
DILUPBiCGStab:  Solving for e, Initial residual = 4.86521e-13, Final residual = 4.86521e-13, No Iterations 0
DICPCG:  Solving for p_rgh, Initial residual = 1.02151e-16, Final residual = 1.02151e-16, No Iterations 0
diagonal:  Solving for rho, Initial residual = 0, Final residual = 0, No Iterations 0
DICPCG:  Solving for p_rgh, Initial residual = 1.02151e-16, Final residual = 1.02151e-16, No Iterations 0
diagonal:  Solving for rho, Initial residual = 0, Final residual = 0, No Iterations 0
diagonal:  Solving for Ux, Initial residual = 0, Final residual = 0, No Iterations 0
diagonal:  Solving for Uy, Initial residual = 0, Final residual = 0, No Iterations 0
diagonal:  Solving for Uz, Initial residual = 0, Final residual = 0, No Iterations 0
DILUPBiCGStab:  Solving for e, Initial residual = 4.86521e-13, Final residual = 4.86521e-13, No Iterations 0
DICPCG:  Solving for p_rgh, Initial residual = 1.02151e-16, Final residual = 1.02151e-16, No Iterations 0
diagonal:  Solving for rho, Initial residual = 0, Final residual = 0, No Iterations 0
DICPCG:  Solving for p_rgh, Initial residual = 1.02151e-16, Final residual = 1.02151e-16, No Iterations 0
diagonal:  Solving for rho, Initial residual = 0, Final residual = 0, No Iterations 0
diagonal:  Solving for Ux, Initial residual = 0, Final residual = 0, No Iterations 0
diagonal:  Solving for Uy, Initial residual = 0, Final residual = 0, No Iterations 0
diagonal:  Solving for Uz, Initial residual = 0, Final residual = 0, No Iterations 0
DILUPBiCGStab:  Solving for e, Initial residual = 4.86521e-13, Final residual = 4.86521e-13, No Iterations 0
DICPCG:  Solving for p_rgh, Initial residual = 1.02151e-16, Final residual = 1.02151e-16, No Iterations 0
diagonal:  Solving for rho, Initial residual = 0, Final residual = 0, No Iterations 0
DICPCG:  Solving for p_rgh, Initial residual = 1.02151e-16, Final residual = 1.02151e-16, No Iterations 0
diagonal:  Solving for rho, Initial residual = 0, Final residual = 0, No Iterations 0
diagonal:  Solving for Ux, Initial residual = 0, Final residual = 0, No Iterations 0
diagonal:  Solving for Uy, Initial residual = 0, Final residual = 0, No Iterations 0
diagonal:  Solving for Uz, Initial residual = 0, Final residual = 0, No Iterations 0
DILUPBiCGStab:  Solving for e, Initial residual = 4.86521e-13, Final residual = 4.86521e-13, No Iterations 0
DICPCG:  Solving for p_rgh, Initial residual = 1.02151e-16, Final residual = 1.02151e-16, No Iterations 0
diagonal:  Solving for rho, Initial residual = 0, Final residual = 0, No Iterations 0
DICPCG:  Solving for p_rgh, Initial residual = 1.02151e-16, Final residual = 1.02151e-16, No Iterations 0
diagonal:  Solving for rho, Initial residual = 0, Final residual = 0, No Iterations 0
diagonal:  Solving for Ux, Initial residual = 0, Final residual = 0, No Iterations 0
diagonal:  Solving for Uy, Initial residual = 0, Final residual = 0, No Iterations 0
diagonal:  Solving for Uz, Initial residual = 0, Final residual = 0, No Iterations 0
DILUPBiCGStab:  Solving for e, Initial residual = 4.86521e-13, Final residual = 4.86521e-13, No Iterations 0
DICPCG:  Solving for p_rgh, Initial residual = 1.02151e-16, Final residual = 1.02151e-16, No Iterations 0
diagonal:  Solving for rho, Initial residual = 0, Final residual = 0, No Iterations 0
DICPCG:  Solving for p_rgh, Initial residual = 1.02151e-16, Final residual = 1.02151e-16, No Iterations 0
diagonal:  Solving for rho, Initial residual = 0, Final residual = 0, No Iterations 0
diagonal:  Solving for Ux, Initial residual = 0, Final residual = 0, No Iterations 0
diagonal:  Solving for Uy, Initial residual = 0, Final residual = 0, No Iterations 0
diagonal:  Solving for Uz, Initial residual = 0, Final residual = 0, No Iterations 0
DILUPBiCGStab:  Solving for e, Initial residual = 4.86521e-13, Final residual = 4.86521e-13, No Iterations 0
DICPCG:  Solving for p_rgh, Initial residual = 1.02151e-16, Final residual = 1.02151e-16, No Iterations 0
diagonal:  Solving for rho, Initial residual = 0, Final residual = 0, No Iterations 0
DICPCG:  Solving for p_rgh, Initial residual = 1.02151e-16, Final residual = 1.02151e-16, No Iterations 0
diagonal:  Solving for rho, Initial residual = 0, Final residual = 0, No Iterations 0
diagonal:  Solving for Ux, Initial residual = 0, Final residual = 0, No Iterations 0
diagonal:  Solving for Uy, Initial residual = 0, Final residual = 0, No Iterations 0
diagonal:  Solving for Uz, Initial residual = 0, Final residual = 0, No Iterations 0
DILUPBiCGStab:  Solving for e, Initial residual = 4.86521e-13, Final residual = 4.86521e-13, No Iterations 0
DICPCG:  Solving for p_rgh, Initial residual = 1.02151e-16, Final residual = 1.02151e-16, No Iterations 0
diagonal:  Solving for rho, Initial residual = 0, Final residual = 0, No Iterations 0
DICPCG:  Solving for p_rgh, Initial residual = 1.02151e-16, Final residual = 1.02151e-16, No Iterations 0
diagonal:  Solving for rho, Initial residual = 0, Final residual = 0, No Iterations 0
diagonal:  Solving for Ux, Initial residual = 0, Final residual = 0, No Iterations 0
diagonal:  Solving for Uy, Initial residual = 0, Final residual = 0, No Iterations 0
diagonal:  Solving for Uz, Initial residual = 0, Final residual = 0, No Iterations 0
DILUPBiCGStab:  Solving for e, Initial residual = 4.86521e-13, Final residual = 4.86521e-13, No Iterations 0
DICPCG:  Solving for p_rgh, Initial residual = 1.02151e-16, Final residual = 1.02151e-16, No Iterations 0
diagonal:  Solving for rho, Initial residual = 0, Final residual = 0, No Iterations 0
DICPCG:  Solving for p_rgh, Initial residual = 1.02151e-16, Final residual = 1.02151e-16, No Iterations 0
diagonal:  Solving for rho, Initial residual = 0, Final residual = 0, No Iterations 0
diagonal:  Solving for Ux, Initial residual = 0, Final residual = 0, No Iterations 0
diagonal:  Solving for Uy, Initial residual = 0, Final residual = 0, No Iterations 0
diagonal:  Solving for Uz, Initial residual = 0, Final residual = 0, No Iterations 0
DILUPBiCGStab:  Solving for e, Initial residual = 4.86521e-13, Final residual = 4.86521e-13, No Iterations 0
DICPCG:  Solving for p_rgh, Initial residual = 1.02151e-16, Final residual = 1.02151e-16, No Iterations 0
diagonal:  Solving for rho, Initial residual = 0, Final residual = 0, No Iterations 0
DICPCG:  Solving for p_rgh, Initial residual = 1.02151e-16, Final residual = 1.02151e-16, No Iterations 0
diagonal:  Solving for rho, Initial residual = 0, Final residual = 0, No Iterations 0
diagonal:  Solving for Ux, Initial residual = 0, Final residual = 0, No Iterations 0
diagonal:  Solving for Uy, Initial residual = 0, Final residual = 0, No Iterations 0
diagonal:  Solving for Uz, Initial residual = 0, Final residual = 0, No Iterations 0
DILUPBiCGStab:  Solving for e, Initial residual = 4.86521e-13, Final residual = 4.86521e-13, No Iterations 0
DICPCG:  Solving for p_rgh, Initial residual = 1.02151e-16, Final residual = 1.02151e-16, No Iterations 0
diagonal:  Solving for rho, Initial residual = 0, Final residual = 0, No Iterations 0
DICPCG:  Solving for p_rgh, Initial residual = 1.02151e-16, Final residual = 1.02151e-16, No Iterations 0
diagonal:  Solving for rho, Initial residual = 0, Final residual = 0, No Iterations 0
diagonal:  Solving for Ux, Initial residual = 0, Final residual = 0, No Iterations 0
diagonal:  Solving for Uy, Initial residual = 0, Final residual = 0, No Iterations 0
diagonal:  Solving for Uz, Initial residual = 0, Final residual = 0, No Iterations 0
DILUPBiCGStab:  Solving for e, Initial residual = 4.86521e-13, Final residual = 4.86521e-13, No Iterations 0
DICPCG:  Solving for p_rgh, Initial residual = 1.02151e-16, Final residual = 1.02151e-16, No Iterations 0
diagonal:  Solving for rho, Initial residual = 0, Final residual = 0, No Iterations 0
DICPCG:  Solving for p_rgh, Initial residual = 1.02151e-16, Final residual = 1.02151e-16, No Iterations 0
diagonal:  Solving for rho, Initial residual = 0, Final residual = 0, No Iterations 0
diagonal:  Solving for Ux, Initial residual = 0, Final residual = 0, No Iterations 0
diagonal:  Solving for Uy, Initial residual = 0, Final residual = 0, No Iterations 0
diagonal:  Solving for Uz, Initial residual = 0, Final residual = 0, No Iterations 0
DILUPBiCGStab:  Solving for e, Initial residual = 4.86521e-13, Final residual = 4.86521e-13, No Iterations 0
DICPCG:  Solving for p_rgh, Initial residual = 1.02151e-16, Final residual = 1.02151e-16, No Iterations 0
diagonal:  Solving for rho, Initial residual = 0, Final residual = 0, No Iterations 0
DICPCG:  Solving for p_rgh, Initial residual = 1.02151e-16, Final residual = 1.02151e-16, No Iterations 0
diagonal:  Solving for rho, Initial residual = 0, Final residual = 0, No Iterations 0
diagonal:  Solving for Ux, Initial residual = 0, Final residual = 0, No Iterations 0
diagonal:  Solving for Uy, Initial residual = 0, Final residual = 0, No Iterations 0
diagonal:  Solving for Uz, Initial residual = 0, Final residual = 0, No Iterations 0
DILUPBiCGStab:  Solving for e, Initial residual = 4.86521e-13, Final residual = 4.86521e-13, No Iterations 0
DICPCG:  Solving for p_rgh, Initial residual = 1.02151e-16, Final residual = 1.02151e-16, No Iterations 0
diagonal:  Solving for rho, Initial residual = 0, Final residual = 0, No Iterations 0
DICPCG:  Solving for p_rgh, Initial residual = 1.02151e-16, Final residual = 1.02151e-16, No Iterations 0
diagonal:  Solving for rho, Initial residual = 0, Final residual = 0, No Iterations 0
diagonal:  Solving for Ux, Initial residual = 0, Final residual = 0, No Iterations 0
diagonal:  Solving for Uy, Initial residual = 0, Final residual = 0, No Iterations 0
diagonal:  Solving for Uz, Initial residual = 0, Final residual = 0, No Iterations 0
DILUPBiCGStab:  Solving for e, Initial residual = 4.86521e-13, Final residual = 4.86521e-13, No Iterations 0
DICPCG:  Solving for p_rgh, Initial residual = 1.02151e-16, Final residual = 1.02151e-16, No Iterations 0
diagonal:  Solving for rho, Initial residual = 0, Final residual = 0, No Iterations 0
DICPCG:  Solving for p_rgh, Initial residual = 1.02151e-16, Final residual = 1.02151e-16, No Iterations 0
diagonal:  Solving for rho, Initial residual = 0, Final residual = 0, No Iterations 0
diagonal:  Solving for Ux, Initial residual = 0, Final residual = 0, No Iterations 0
diagonal:  Solving for Uy, Initial residual = 0, Final residual = 0, No Iterations 0
diagonal:  Solving for Uz, Initial residual = 0, Final residual = 0, No Iterations 0
DILUPBiCGStab:  Solving for e, Initial residual = 4.86521e-13, Final residual = 4.86521e-13, No Iterations 0
DICPCG:  Solving for p_rgh, Initial residual = 1.02151e-16, Final residual = 1.02151e-16, No Iterations 0
diagonal:  Solving for rho, Initial residual = 0, Final residual = 0, No Iterations 0
DICPCG:  Solving for p_rgh, Initial residual = 1.02151e-16, Final residual = 1.02151e-16, No Iterations 0
diagonal:  Solving for rho, Initial residual = 0, Final residual = 0, No Iterations 0
diagonal:  Solving for Ux, Initial residual = 0, Final residual = 0, No Iterations 0
diagonal:  Solving for Uy, Initial residual = 0, Final residual = 0, No Iterations 0
diagonal:  Solving for Uz, Initial residual = 0, Final residual = 0, No Iterations 0
DILUPBiCGStab:  Solving for e, Initial residual = 4.86521e-13, Final residual = 4.86521e-13, No Iterations 0
DICPCG:  Solving for p_rgh, Initial residual = 1.02151e-16, Final residual = 1.02151e-16, No Iterations 0
diagonal:  Solving for rho, Initial residual = 0, Final residual = 0, No Iterations 0
DICPCG:  Solving for p_rgh, Initial residual = 1.02151e-16, Final residual = 1.02151e-16, No Iterations 0
diagonal:  Solving for rho, Initial residual = 0, Final residual = 0, No Iterations 0
diagonal:  Solving for Ux, Initial residual = 0, Final residual = 0, No Iterations 0
diagonal:  Solving for Uy, Initial residual = 0, Final residual = 0, No Iterations 0
diagonal:  Solving for Uz, Initial residual = 0, Final residual = 0, No Iterations 0
DILUPBiCGStab:  Solving for e, Initial residual = 4.86521e-13, Final residual = 4.86521e-13, No Iterations 0
DICPCG:  Solving for p_rgh, Initial residual = 1.02151e-16, Final residual = 1.02151e-16, No Iterations 0
diagonal:  Solving for rho, Initial residual = 0, Final residual = 0, No Iterations 0
DICPCG:  Solving for p_rgh, Initial residual = 1.02151e-16, Final residual = 1.02151e-16, No Iterations 0
diagonal:  Solving for rho, Initial residual = 0, Final residual = 0, No Iterations 0
diagonal:  Solving for Ux, Initial residual = 0, Final residual = 0, No Iterations 0
diagonal:  Solving for Uy, Initial residual = 0, Final residual = 0, No Iterations 0
diagonal:  Solving for Uz, Initial residual = 0, Final residual = 0, No Iterations 0
DILUPBiCGStab:  Solving for e, Initial residual = 4.86521e-13, Final residual = 4.86521e-13, No Iterations 0
DICPCG:  Solving for p_rgh, Initial residual = 1.02151e-16, Final residual = 1.02151e-16, No Iterations 0
diagonal:  Solving for rho, Initial residual = 0, Final residual = 0, No Iterations 0
DICPCG:  Solving for p_rgh, Initial residual = 1.02151e-16, Final residual = 1.02151e-16, No Iterations 0
diagonal:  Solving for rho, Initial residual = 0, Final residual = 0, No Iterations 0
diagonal:  Solving for Ux, Initial residual = 0, Final residual = 0, No Iterations 0
diagonal:  Solving for Uy, Initial residual = 0, Final residual = 0, No Iterations 0
diagonal:  Solving for Uz, Initial residual = 0, Final residual = 0, No Iterations 0
DILUPBiCGStab:  Solving for e, Initial residual = 4.86521e-13, Final residual = 4.86521e-13, No Iterations 0
DICPCG:  Solving for p_rgh, Initial residual = 1.02151e-16, Final residual = 1.02151e-16, No Iterations 0
diagonal:  Solving for rho, Initial residual = 0, Final residual = 0, No Iterations 0
DICPCG:  Solving for p_rgh, Initial residual = 1.02151e-16, Final residual = 1.02151e-16, No Iterations 0
diagonal:  Solving for rho, Initial residual = 0, Final residual = 0, No Iterations 0
diagonal:  Solving for Ux, Initial residual = 0, Final residual = 0, No Iterations 0
diagonal:  Solving for Uy, Initial residual = 0, Final residual = 0, No Iterations 0
diagonal:  Solving for Uz, Initial residual = 0, Final residual = 0, No Iterations 0
DILUPBiCGStab:  Solving for e, Initial residual = 4.86521e-13, Final residual = 4.86521e-13, No Iterations 0
DICPCG:  Solving for p_rgh, Initial residual = 1.02151e-16, Final residual = 1.02151e-16, No Iterations 0
diagonal:  Solving for rho, Initial residual = 0, Final residual = 0, No Iterations 0
DICPCG:  Solving for p_rgh, Initial residual = 1.02151e-16, Final residual = 1.02151e-16, No Iterations 0
diagonal:  Solving for rho, Initial residual = 0, Final residual = 0, No Iterations 0
U04_SUMMARY {"classification":"SYNTHETIC_EVALUATOR_TEST","h":0.10000000000000001,"k":0.20000000000000001,"linear_solves":121,"observed":true,"outer":24,"physical_fingerprint_sha256":"7541ea9a399ed26a821b560bdca941fb47bfc96ec5a343f9dc4053e75b4712e0","pressure_per_outer":2}
