	linux-vdso.so.1 (0x000076acf3a48000)
	librouteAU04Observer.so => /home/mirai/OpenFOAM/mirai-13/run/deVahlDavisBenchmark/results/routeA/diagnostic_transient/diagnostic_attempt_001/preparation/u04_verification/build/librouteAU04Observer.so (0x000076acf39d7000)
	libfiniteVolume.so => /opt/openfoam13/platforms/linux64GccDPInt32Opt/lib/libfiniteVolume.so (0x000076acf1800000)
	libOpenFOAM.so => /opt/openfoam13/platforms/linux64GccDPInt32Opt/lib/libOpenFOAM.so (0x000076acf0c00000)
	libstdc++.so.6 => /usr/lib/x86_64-linux-gnu/libstdc++.so.6 (0x000076acf0800000)
	libgcc_s.so.1 => /usr/lib/x86_64-linux-gnu/libgcc_s.so.1 (0x000076acf39a7000)
	libc.so.6 => /usr/lib/x86_64-linux-gnu/libc.so.6 (0x000076acf0400000)
	libcrypto.so.3 => /usr/lib/x86_64-linux-gnu/libcrypto.so.3 (0x000076acefe00000)
	libPstream.so => /opt/openfoam13/platforms/linux64GccDPInt32Opt/lib/openmpi-system/libPstream.so (0x000076acf3997000)
	libtriSurface.so => /opt/openfoam13/platforms/linux64GccDPInt32Opt/lib/libtriSurface.so (0x000076acf38f9000)
	libmeshTools.so => /opt/openfoam13/platforms/linux64GccDPInt32Opt/lib/libmeshTools.so (0x000076acef800000)
	libm.so.6 => /usr/lib/x86_64-linux-gnu/libm.so.6 (0x000076acf0b17000)
	libz.so.1 => /usr/lib/x86_64-linux-gnu/libz.so.1 (0x000076acf38dd000)
	/lib64/ld-linux-x86-64.so.2 (0x000076acf3a4a000)
	libmpi.so.40 => /usr/lib/x86_64-linux-gnu/libmpi.so.40 (0x000076acf06ce000)
	libfileFormats.so => /opt/openfoam13/platforms/linux64GccDPInt32Opt/lib/libfileFormats.so (0x000076acf38ab000)
	libsurfMesh.so => /opt/openfoam13/platforms/linux64GccDPInt32Opt/lib/libsurfMesh.so (0x000076acef6fb000)
	libopen-rte.so.40 => /usr/lib/x86_64-linux-gnu/libopen-rte.so.40 (0x000076acf0344000)
	libopen-pal.so.40 => /usr/lib/x86_64-linux-gnu/libopen-pal.so.40 (0x000076acf061a000)
	libhwloc.so.15 => /usr/lib/x86_64-linux-gnu/libhwloc.so.15 (0x000076acf384a000)
	libevent_core-2.1.so.7 => /usr/lib/x86_64-linux-gnu/libevent_core-2.1.so.7 (0x000076acf17cb000)
	libevent_pthreads-2.1.so.7 => /usr/lib/x86_64-linux-gnu/libevent_pthreads-2.1.so.7 (0x000076acf17c6000)
	libudev.so.1 => /usr/lib/x86_64-linux-gnu/libudev.so.1 (0x000076acf1793000)
	libcap.so.2 => /usr/lib/x86_64-linux-gnu/libcap.so.2 (0x000076acf1786000)
