	linux-vdso.so.1 (0x0000726289640000)
	librouteAU04Observer.so => /home/mirai/OpenFOAM/mirai-13/run/deVahlDavisBenchmark/results/routeA/diagnostic_transient/diagnostic_attempt_001/preparation/u04_verification/build/librouteAU04Observer.so (0x000072628954e000)
	libfluidThermophysicalTransportModel.so => /opt/openfoam13/platforms/linux64GccDPInt32Opt/lib/libfluidThermophysicalTransportModel.so (0x00007262894c5000)
	libfiniteVolume.so => /opt/openfoam13/platforms/linux64GccDPInt32Opt/lib/libfiniteVolume.so (0x0000726287400000)
	libOpenFOAM.so => /opt/openfoam13/platforms/linux64GccDPInt32Opt/lib/libOpenFOAM.so (0x0000726286800000)
	libPstream.so => /opt/openfoam13/platforms/linux64GccDPInt32Opt/lib/openmpi-system/libPstream.so (0x00007262894b3000)
	libstdc++.so.6 => /usr/lib/x86_64-linux-gnu/libstdc++.so.6 (0x0000726286400000)
	libgcc_s.so.1 => /usr/lib/x86_64-linux-gnu/libgcc_s.so.1 (0x0000726289485000)
	libc.so.6 => /usr/lib/x86_64-linux-gnu/libc.so.6 (0x0000726286000000)
	libcrypto.so.3 => /usr/lib/x86_64-linux-gnu/libcrypto.so.3 (0x0000726285a00000)
	libthermophysicalTransportModel.so => /opt/openfoam13/platforms/linux64GccDPInt32Opt/lib/libthermophysicalTransportModel.so (0x000072628947c000)
	libfluidThermophysicalModels.so => /opt/openfoam13/platforms/linux64GccDPInt32Opt/lib/libfluidThermophysicalModels.so (0x0000726284c00000)
	libsolidThermo.so => /opt/openfoam13/platforms/linux64GccDPInt32Opt/lib/libsolidThermo.so (0x0000726284600000)
	libmomentumTransportModels.so => /opt/openfoam13/platforms/linux64GccDPInt32Opt/lib/libmomentumTransportModels.so (0x0000726284200000)
	libspecie.so => /opt/openfoam13/platforms/linux64GccDPInt32Opt/lib/libspecie.so (0x00007262873ad000)
	libmeshTools.so => /opt/openfoam13/platforms/linux64GccDPInt32Opt/lib/libmeshTools.so (0x0000726283c00000)
	libm.so.6 => /usr/lib/x86_64-linux-gnu/libm.so.6 (0x0000726286717000)
	libtriSurface.so => /opt/openfoam13/platforms/linux64GccDPInt32Opt/lib/libtriSurface.so (0x0000726286364000)
	libz.so.1 => /usr/lib/x86_64-linux-gnu/libz.so.1 (0x000072628945c000)
	libmpi.so.40 => /usr/lib/x86_64-linux-gnu/libmpi.so.40 (0x0000726286232000)
	/lib64/ld-linux-x86-64.so.2 (0x0000726289642000)
	libphysicalProperties.so => /opt/openfoam13/platforms/linux64GccDPInt32Opt/lib/libphysicalProperties.so (0x00007262866db000)
	libthermophysicalProperties.so => /opt/openfoam13/platforms/linux64GccDPInt32Opt/lib/libthermophysicalProperties.so (0x00007262858d2000)
	libmulticomponentThermophysicalModels.so => /opt/openfoam13/platforms/linux64GccDPInt32Opt/lib/libmulticomponentThermophysicalModels.so (0x0000726280800000)
	libfileFormats.so => /opt/openfoam13/platforms/linux64GccDPInt32Opt/lib/libfileFormats.so (0x000072628737d000)
	libsurfMesh.so => /opt/openfoam13/platforms/linux64GccDPInt32Opt/lib/libsurfMesh.so (0x0000726284afb000)
	libopen-rte.so.40 => /usr/lib/x86_64-linux-gnu/libopen-rte.so.40 (0x0000726285f44000)
	libopen-pal.so.40 => /usr/lib/x86_64-linux-gnu/libopen-pal.so.40 (0x000072628454c000)
	libhwloc.so.15 => /usr/lib/x86_64-linux-gnu/libhwloc.so.15 (0x0000726285871000)
	libevent_core-2.1.so.7 => /usr/lib/x86_64-linux-gnu/libevent_core-2.1.so.7 (0x00007262866a6000)
	libevent_pthreads-2.1.so.7 => /usr/lib/x86_64-linux-gnu/libevent_pthreads-2.1.so.7 (0x0000726289453000)
	libudev.so.1 => /usr/lib/x86_64-linux-gnu/libudev.so.1 (0x0000726284519000)
	libcap.so.2 => /usr/lib/x86_64-linux-gnu/libcap.so.2 (0x0000726286699000)
