	linux-vdso.so.1 (0x000078658e8c0000)
	librouteAU04Observer.so => /home/mirai/OpenFOAM/mirai-13/run/deVahlDavisBenchmark/results/routeA/diagnostic_transient/diagnostic_attempt_001/preparation/u04_verification/build/librouteAU04Observer.so (0x000078658e7ed000)
	librouteADiagnosticIsothermalFluid.so => /home/mirai/OpenFOAM/mirai-13/run/deVahlDavisBenchmark/results/routeA/diagnostic_transient/diagnostic_attempt_001/preparation/u04_verification/build/librouteADiagnosticIsothermalFluid.so (0x000078658e67d000)
	libfluidSolver.so => /opt/openfoam13/platforms/linux64GccDPInt32Opt/lib/libfluidSolver.so (0x000078658e620000)
	libfluidThermophysicalModels.so => /opt/openfoam13/platforms/linux64GccDPInt32Opt/lib/libfluidThermophysicalModels.so (0x000078658d800000)
	libcompressibleMomentumTransportModels.so => /opt/openfoam13/platforms/linux64GccDPInt32Opt/lib/libcompressibleMomentumTransportModels.so (0x000078658d400000)
	libfluidThermoThermophysicalTransportModels.so => /home/mirai/OpenFOAM/mirai-13/run/deVahlDavisBenchmark/results/routeA/diagnostic_transient/diagnostic_attempt_001/preparation/u04_verification/build/libfluidThermoThermophysicalTransportModels.so (0x000078658e596000)
	libfiniteVolume.so => /opt/openfoam13/platforms/linux64GccDPInt32Opt/lib/libfiniteVolume.so (0x000078658b200000)
	libOpenFOAM.so => /opt/openfoam13/platforms/linux64GccDPInt32Opt/lib/libOpenFOAM.so (0x000078658a600000)
	libPstream.so => /opt/openfoam13/platforms/linux64GccDPInt32Opt/lib/openmpi-system/libPstream.so (0x000078658e584000)
	libstdc++.so.6 => /usr/lib/x86_64-linux-gnu/libstdc++.so.6 (0x000078658a200000)
	libgcc_s.so.1 => /usr/lib/x86_64-linux-gnu/libgcc_s.so.1 (0x000078658e556000)
	libc.so.6 => /usr/lib/x86_64-linux-gnu/libc.so.6 (0x0000786589e00000)
	libcrypto.so.3 => /usr/lib/x86_64-linux-gnu/libcrypto.so.3 (0x0000786589800000)
	libmomentumTransportModels.so => /opt/openfoam13/platforms/linux64GccDPInt32Opt/lib/libmomentumTransportModels.so (0x0000786589400000)
	libincompressibleMomentumTransportModels.so => /opt/openfoam13/platforms/linux64GccDPInt32Opt/lib/libincompressibleMomentumTransportModels.so (0x0000786589000000)
	libphysicalProperties.so => /opt/openfoam13/platforms/linux64GccDPInt32Opt/lib/libphysicalProperties.so (0x000078658e518000)
	libfvModels.so => /opt/openfoam13/platforms/linux64GccDPInt32Opt/lib/libfvModels.so (0x0000786588c00000)
	libfvConstraints.so => /opt/openfoam13/platforms/linux64GccDPInt32Opt/lib/libfvConstraints.so (0x0000786588a0c000)
	libsampling.so => /opt/openfoam13/platforms/linux64GccDPInt32Opt/lib/libsampling.so (0x0000786588600000)
	libmeshTools.so => /opt/openfoam13/platforms/linux64GccDPInt32Opt/lib/libmeshTools.so (0x0000786588000000)
	libm.so.6 => /usr/lib/x86_64-linux-gnu/libm.so.6 (0x000078658d717000)
	libspecie.so => /opt/openfoam13/platforms/linux64GccDPInt32Opt/lib/libspecie.so (0x000078658e4c3000)
	libthermophysicalProperties.so => /opt/openfoam13/platforms/linux64GccDPInt32Opt/lib/libthermophysicalProperties.so (0x000078658d2d2000)
	libfluidThermophysicalTransportModel.so => /opt/openfoam13/platforms/linux64GccDPInt32Opt/lib/libfluidThermophysicalTransportModel.so (0x000078658d249000)
	libtriSurface.so => /opt/openfoam13/platforms/linux64GccDPInt32Opt/lib/libtriSurface.so (0x000078658a564000)
	libz.so.1 => /usr/lib/x86_64-linux-gnu/libz.so.1 (0x000078658e4a5000)
	libmpi.so.40 => /usr/lib/x86_64-linux-gnu/libmpi.so.40 (0x000078658a0ce000)
	/lib64/ld-linux-x86-64.so.2 (0x000078658e8c2000)
	libsolidThermo.so => /opt/openfoam13/platforms/linux64GccDPInt32Opt/lib/libsolidThermo.so (0x0000786587a00000)
	libthermophysicalTransportModel.so => /opt/openfoam13/platforms/linux64GccDPInt32Opt/lib/libthermophysicalTransportModel.so (0x000078658e49c000)
	libmulticomponentThermophysicalModels.so => /opt/openfoam13/platforms/linux64GccDPInt32Opt/lib/libmulticomponentThermophysicalModels.so (0x0000786584600000)
	libsurfMesh.so => /opt/openfoam13/platforms/linux64GccDPInt32Opt/lib/libsurfMesh.so (0x0000786588907000)
	libfileFormats.so => /opt/openfoam13/platforms/linux64GccDPInt32Opt/lib/libfileFormats.so (0x000078658e46c000)
	liblagrangian.so => /opt/openfoam13/platforms/linux64GccDPInt32Opt/lib/liblagrangian.so (0x000078658d6e6000)
	libtracking.so => /opt/openfoam13/platforms/linux64GccDPInt32Opt/lib/libtracking.so (0x000078658d6ce000)
	libopen-rte.so.40 => /usr/lib/x86_64-linux-gnu/libopen-rte.so.40 (0x000078658a4a8000)
	libopen-pal.so.40 => /usr/lib/x86_64-linux-gnu/libopen-pal.so.40 (0x000078658a01a000)
	libhwloc.so.15 => /usr/lib/x86_64-linux-gnu/libhwloc.so.15 (0x000078658b19f000)
	libevent_core-2.1.so.7 => /usr/lib/x86_64-linux-gnu/libevent_core-2.1.so.7 (0x0000786589dcb000)
	libevent_pthreads-2.1.so.7 => /usr/lib/x86_64-linux-gnu/libevent_pthreads-2.1.so.7 (0x000078658e463000)
	libudev.so.1 => /usr/lib/x86_64-linux-gnu/libudev.so.1 (0x0000786589d98000)
	libcap.so.2 => /usr/lib/x86_64-linux-gnu/libcap.so.2 (0x000078658e456000)
