	linux-vdso.so.1 (0x00007342cce48000)
	librouteAU04Observer.so => /home/mirai/OpenFOAM/mirai-13/run/deVahlDavisBenchmark/results/routeA/diagnostic_transient/diagnostic_attempt_001/preparation/u04_verification/build/librouteAU04Observer.so (0x00007342ccc70000)
	libfluidSolver.so => /opt/openfoam13/platforms/linux64GccDPInt32Opt/lib/libfluidSolver.so (0x00007342ccc15000)
	libfluidThermophysicalModels.so => /opt/openfoam13/platforms/linux64GccDPInt32Opt/lib/libfluidThermophysicalModels.so (0x00007342cbe00000)
	libcompressibleMomentumTransportModels.so => /opt/openfoam13/platforms/linux64GccDPInt32Opt/lib/libcompressibleMomentumTransportModels.so (0x00007342cba00000)
	libfiniteVolume.so => /opt/openfoam13/platforms/linux64GccDPInt32Opt/lib/libfiniteVolume.so (0x00007342c9800000)
	libOpenFOAM.so => /opt/openfoam13/platforms/linux64GccDPInt32Opt/lib/libOpenFOAM.so (0x00007342c8c00000)
	libPstream.so => /opt/openfoam13/platforms/linux64GccDPInt32Opt/lib/openmpi-system/libPstream.so (0x00007342ccc03000)
	libstdc++.so.6 => /usr/lib/x86_64-linux-gnu/libstdc++.so.6 (0x00007342c8800000)
	libgcc_s.so.1 => /usr/lib/x86_64-linux-gnu/libgcc_s.so.1 (0x00007342ccbd3000)
	libc.so.6 => /usr/lib/x86_64-linux-gnu/libc.so.6 (0x00007342c8400000)
	libcrypto.so.3 => /usr/lib/x86_64-linux-gnu/libcrypto.so.3 (0x00007342c7e00000)
	libmomentumTransportModels.so => /opt/openfoam13/platforms/linux64GccDPInt32Opt/lib/libmomentumTransportModels.so (0x00007342c7a00000)
	libincompressibleMomentumTransportModels.so => /opt/openfoam13/platforms/linux64GccDPInt32Opt/lib/libincompressibleMomentumTransportModels.so (0x00007342c7600000)
	libphysicalProperties.so => /opt/openfoam13/platforms/linux64GccDPInt32Opt/lib/libphysicalProperties.so (0x00007342ccb95000)
	libfvModels.so => /opt/openfoam13/platforms/linux64GccDPInt32Opt/lib/libfvModels.so (0x00007342c7200000)
	libfvConstraints.so => /opt/openfoam13/platforms/linux64GccDPInt32Opt/lib/libfvConstraints.so (0x00007342c700c000)
	libsampling.so => /opt/openfoam13/platforms/linux64GccDPInt32Opt/lib/libsampling.so (0x00007342c6c00000)
	libmeshTools.so => /opt/openfoam13/platforms/linux64GccDPInt32Opt/lib/libmeshTools.so (0x00007342c6600000)
	libm.so.6 => /usr/lib/x86_64-linux-gnu/libm.so.6 (0x00007342ccaaa000)
	libspecie.so => /opt/openfoam13/platforms/linux64GccDPInt32Opt/lib/libspecie.so (0x00007342cca57000)
	libthermophysicalProperties.so => /opt/openfoam13/platforms/linux64GccDPInt32Opt/lib/libthermophysicalProperties.so (0x00007342cbcd2000)
	libtriSurface.so => /opt/openfoam13/platforms/linux64GccDPInt32Opt/lib/libtriSurface.so (0x00007342cb964000)
	libz.so.1 => /usr/lib/x86_64-linux-gnu/libz.so.1 (0x00007342cbcb4000)
	libmpi.so.40 => /usr/lib/x86_64-linux-gnu/libmpi.so.40 (0x00007342c8ace000)
	/lib64/ld-linux-x86-64.so.2 (0x00007342cce4a000)
	libfluidThermoThermophysicalTransportModels.so => /home/mirai/OpenFOAM/mirai-13/run/deVahlDavisBenchmark/results/routeA/diagnostic_transient/diagnostic_attempt_001/preparation/u04_verification/build/libfluidThermoThermophysicalTransportModels.so (0x00007342cb8da000)
	libfluidThermophysicalTransportModel.so => /opt/openfoam13/platforms/linux64GccDPInt32Opt/lib/libfluidThermophysicalTransportModel.so (0x00007342cb851000)
	libsolidThermo.so => /opt/openfoam13/platforms/linux64GccDPInt32Opt/lib/libsolidThermo.so (0x00007342c6000000)
	libthermophysicalTransportModel.so => /opt/openfoam13/platforms/linux64GccDPInt32Opt/lib/libthermophysicalTransportModel.so (0x00007342cb84a000)
	libmulticomponentThermophysicalModels.so => /opt/openfoam13/platforms/linux64GccDPInt32Opt/lib/libmulticomponentThermophysicalModels.so (0x00007342c2c00000)
	libsurfMesh.so => /opt/openfoam13/platforms/linux64GccDPInt32Opt/lib/libsurfMesh.so (0x00007342c86fb000)
	libfileFormats.so => /opt/openfoam13/platforms/linux64GccDPInt32Opt/lib/libfileFormats.so (0x00007342c97d0000)
	liblagrangian.so => /opt/openfoam13/platforms/linux64GccDPInt32Opt/lib/liblagrangian.so (0x00007342c979f000)
	libtracking.so => /opt/openfoam13/platforms/linux64GccDPInt32Opt/lib/libtracking.so (0x00007342c9787000)
	libopen-rte.so.40 => /usr/lib/x86_64-linux-gnu/libopen-rte.so.40 (0x00007342c863f000)
	libopen-pal.so.40 => /usr/lib/x86_64-linux-gnu/libopen-pal.so.40 (0x00007342c834c000)
	libhwloc.so.15 => /usr/lib/x86_64-linux-gnu/libhwloc.so.15 (0x00007342c7d9f000)
	libevent_core-2.1.so.7 => /usr/lib/x86_64-linux-gnu/libevent_core-2.1.so.7 (0x00007342c8a99000)
	libevent_pthreads-2.1.so.7 => /usr/lib/x86_64-linux-gnu/libevent_pthreads-2.1.so.7 (0x00007342c9782000)
	libudev.so.1 => /usr/lib/x86_64-linux-gnu/libudev.so.1 (0x00007342c8319000)
	libcap.so.2 => /usr/lib/x86_64-linux-gnu/libcap.so.2 (0x00007342c8a8c000)
