	linux-vdso.so.1 (0x0000727a37d7c000)
	librouteAU04Observer.so => /home/mirai/OpenFOAM/mirai-13/run/deVahlDavisBenchmark/results/routeA/diagnostic_transient/diagnostic_attempt_001/preparation/u04_verification/build/librouteAU04Observer.so (0x0000727a37c4c000)
	libcrypto.so.3 => /usr/lib/x86_64-linux-gnu/libcrypto.so.3 (0x0000727a37600000)
	libfiniteVolume.so => /opt/openfoam13/platforms/linux64GccDPInt32Opt/lib/libfiniteVolume.so (0x0000727a35400000)
	libOpenFOAM.so => /opt/openfoam13/platforms/linux64GccDPInt32Opt/lib/libOpenFOAM.so (0x0000727a34800000)
	libPstream.so => /opt/openfoam13/platforms/linux64GccDPInt32Opt/lib/openmpi-system/libPstream.so (0x0000727a37c3a000)
	libstdc++.so.6 => /usr/lib/x86_64-linux-gnu/libstdc++.so.6 (0x0000727a34400000)
	libgcc_s.so.1 => /usr/lib/x86_64-linux-gnu/libgcc_s.so.1 (0x0000727a37c0c000)
	libc.so.6 => /usr/lib/x86_64-linux-gnu/libc.so.6 (0x0000727a34000000)
	libtriSurface.so => /opt/openfoam13/platforms/linux64GccDPInt32Opt/lib/libtriSurface.so (0x0000727a37b6e000)
	libmeshTools.so => /opt/openfoam13/platforms/linux64GccDPInt32Opt/lib/libmeshTools.so (0x0000727a33a00000)
	libm.so.6 => /usr/lib/x86_64-linux-gnu/libm.so.6 (0x0000727a37517000)
	libz.so.1 => /usr/lib/x86_64-linux-gnu/libz.so.1 (0x0000727a37b52000)
	libmpi.so.40 => /usr/lib/x86_64-linux-gnu/libmpi.so.40 (0x0000727a346ce000)
	/lib64/ld-linux-x86-64.so.2 (0x0000727a37d7e000)
	libfileFormats.so => /opt/openfoam13/platforms/linux64GccDPInt32Opt/lib/libfileFormats.so (0x0000727a37b20000)
	libsurfMesh.so => /opt/openfoam13/platforms/linux64GccDPInt32Opt/lib/libsurfMesh.so (0x0000727a342fb000)
	libopen-rte.so.40 => /usr/lib/x86_64-linux-gnu/libopen-rte.so.40 (0x0000727a3745b000)
	libopen-pal.so.40 => /usr/lib/x86_64-linux-gnu/libopen-pal.so.40 (0x0000727a34247000)
	libhwloc.so.15 => /usr/lib/x86_64-linux-gnu/libhwloc.so.15 (0x0000727a3539f000)
	libevent_core-2.1.so.7 => /usr/lib/x86_64-linux-gnu/libevent_core-2.1.so.7 (0x0000727a34699000)
	libevent_pthreads-2.1.so.7 => /usr/lib/x86_64-linux-gnu/libevent_pthreads-2.1.so.7 (0x0000727a37b19000)
	libudev.so.1 => /usr/lib/x86_64-linux-gnu/libudev.so.1 (0x0000727a34214000)
	libcap.so.2 => /usr/lib/x86_64-linux-gnu/libcap.so.2 (0x0000727a3744e000)
