I/O    : uncollated
diagonal:  Solving for rho, Initial residual = 0, Final residual = 0, No Iterations 0
diagonal:  Solving for Ux, Initial residual = 0, Final residual = 0, No Iterations 0
diagonal:  Solving for Uy, Initial residual = 0, Final residual = 0, No Iterations 0
diagonal:  Solving for Uz, Initial residual = 0, Final residual = 0, No Iterations 0
DILUPBiCGStab:  Solving for e, Initial residual = 1.01203e-05, Final residual = 7.647e-14, No Iterations 1
DICPCG:  Solving for p_rgh, Initial residual = 1, Final residual = 4.75587e-18, No Iterations 3
diagonal:  Solving for rho, Initial residual = 0, Final residual = 0, No Iterations 0
DICPCG:  Solving for p_rgh, Initial residual = 1.02151e-16, Final residual = 1.02151e-16, No Iterations 0
diagonal:  Solving for rho, Initial residual = 0, Final residual = 0, No Iterations 0
diagonal:  Solving for Ux, Initial residual = 0, Final residual = 0, No Iterations 0
diagonal:  Solving for Uy, Initial residual = 0, Final residual = 0, No Iterations 0
diagonal:  Solving for Uz, Initial residual = 0, Final residual = 0, No Iterations 0
DILUPBiCGStab:  Solving for e, Initial residual = 0.513081, Final residual = 3.28355e-14, No Iterations 1
DICPCG:  Solving for p_rgh, Initial residual = 1.02151e-16, Final residual = 1.02151e-16, No Iterations 0
diagonal:  Solving for rho, Initial residual = 0, Final residual = 0, No Iterations 0
DICPCG:  Solving for p_rgh, Initial residual = 1.02151e-16, Final residual = 1.02151e-16, No Iterations 0
diagonal:  Solving for rho, Initial residual = 0, Final residual = 0, No Iterations 0
diagonal:  Solving for Ux, Initial residual = 0, Final residual = 0, No Iterations 0
diagonal:  Solving for Uy, Initial residual = 0, Final residual = 0, No Iterations 0
diagonal:  Solving for Uz, Initial residual = 0, Final residual = 0, No Iterations 0
DILUPBiCGStab:  Solving for e, Initial residual = 4.74652e-13, Final residual = 4.74652e-13, No Iterations 0
DICPCG:  Solving for p_rgh, Initial residual = 1.02151e-16, Final residual = 1.02151e-16, No Iterations 0
diagonal:  Solving for rho, Initial residual = 0, Final residual = 0, No Iterations 0
DICPCG:  Solving for p_rgh, Initial residual = 1.02151e-16, Final residual = 1.02151e-16, No Iterations 0
diagonal:  Solving for rho, Initial residual = 0, Final residual = 0, No Iterations 0
diagonal:  Solving for Ux, Initial residual = 0, Final residual = 0, No Iterations 0
diagonal:  Solving for Uy, Initial residual = 0, Final residual = 0, No Iterations 0
diagonal:  Solving for Uz, Initial residual = 0, Final residual = 0, No Iterations 0
DILUPBiCGStab:  Solving for e, Initial residual = 4.74652e-13, Final residual = 4.74652e-13, No Iterations 0
DICPCG:  Solving for p_rgh, Initial residual = 1.02151e-16, Final residual = 1.02151e-16, No Iterations 0
diagonal:  Solving for rho, Initial residual = 0, Final residual = 0, No Iterations 0
DICPCG:  Solving for p_rgh, Initial residual = 1.02151e-16, Final residual = 1.02151e-16, No Iterations 0
diagonal:  Solving for rho, Initial residual = 0, Final residual = 0, No Iterations 0
diagonal:  Solving for Ux, Initial residual = 0, Final residual = 0, No Iterations 0
diagonal:  Solving for Uy, Initial residual = 0, Final residual = 0, No Iterations 0
diagonal:  Solving for Uz, Initial residual = 0, Final residual = 0, No Iterations 0
DILUPBiCGStab:  Solving for e, Initial residual = 4.74652e-13, Final residual = 4.74652e-13, No Iterations 0
DICPCG:  Solving for p_rgh, Initial residual = 1.02151e-16, Final residual = 1.02151e-16, No Iterations 0
diagonal:  Solving for rho, Initial residual = 0, Final residual = 0, No Iterations 0
DICPCG:  Solving for p_rgh, Initial residual = 1.02151e-16, Final residual = 1.02151e-16, No Iterations 0
diagonal:  Solving for rho, Initial residual = 0, Final residual = 0, No Iterations 0
diagonal:  Solving for Ux, Initial residual = 0, Final residual = 0, No Iterations 0
diagonal:  Solving for Uy, Initial residual = 0, Final residual = 0, No Iterations 0
diagonal:  Solving for Uz, Initial residual = 0, Final residual = 0, No Iterations 0
DILUPBiCGStab:  Solving for e, Initial residual = 4.74652e-13, Final residual = 4.74652e-13, No Iterations 0
DICPCG:  Solving for p_rgh, Initial residual = 1.02151e-16, Final residual = 1.02151e-16, No Iterations 0
diagonal:  Solving for rho, Initial residual = 0, Final residual = 0, No Iterations 0
DICPCG:  Solving for p_rgh, Initial residual = 1.02151e-16, Final residual = 1.02151e-16, No Iterations 0
diagonal:  Solving for rho, Initial residual = 0, Final residual = 0, No Iterations 0
diagonal:  Solving for Ux, Initial residual = 0, Final residual = 0, No Iterations 0
diagonal:  Solving for Uy, Initial residual = 0, Final residual = 0, No Iterations 0
diagonal:  Solving for Uz, Initial residual = 0, Final residual = 0, No Iterations 0
DILUPBiCGStab:  Solving for e, Initial residual = 4.74652e-13, Final residual = 4.74652e-13, No Iterations 0
DICPCG:  Solving for p_rgh, Initial residual = 1.02151e-16, Final residual = 1.02151e-16, No Iterations 0
diagonal:  Solving for rho, Initial residual = 0, Final residual = 0, No Iterations 0
DICPCG:  Solving for p_rgh, Initial residual = 1.02151e-16, Final residual = 1.02151e-16, No Iterations 0
diagonal:  Solving for rho, Initial residual = 0, Final residual = 0, No Iterations 0
diagonal:  Solving for Ux, Initial residual = 0, Final residual = 0, No Iterations 0
diagonal:  Solving for Uy, Initial residual = 0, Final residual = 0, No Iterations 0
diagonal:  Solving for Uz, Initial residual = 0, Final residual = 0, No Iterations 0
DILUPBiCGStab:  Solving for e, Initial residual = 4.74652e-13, Final residual = 4.74652e-13, No Iterations 0
DICPCG:  Solving for p_rgh, Initial residual = 1.02151e-16, Final residual = 1.02151e-16, No Iterations 0
diagonal:  Solving for rho, Initial residual = 0, Final residual = 0, No Iterations 0
DICPCG:  Solving for p_rgh, Initial residual = 1.02151e-16, Final residual = 1.02151e-16, No Iterations 0
diagonal:  Solving for rho, Initial residual = 0, Final residual = 0, No Iterations 0
diagonal:  Solving for Ux, Initial residual = 0, Final residual = 0, No Iterations 0
diagonal:  Solving for Uy, Initial residual = 0, Final residual = 0, No Iterations 0
diagonal:  Solving for Uz, Initial residual = 0, Final residual = 0, No Iterations 0
DILUPBiCGStab:  Solving for e, Initial residual = 4.74652e-13, Final residual = 4.74652e-13, No Iterations 0
DICPCG:  Solving for p_rgh, Initial residual = 1.02151e-16, Final residual = 1.02151e-16, No Iterations 0
diagonal:  Solving for rho, Initial residual = 0, Final residual = 0, No Iterations 0
DICPCG:  Solving for p_rgh, Initial residual = 1.02151e-16, Final residual = 1.02151e-16, No Iterations 0
diagonal:  Solving for rho, Initial residual = 0, Final residual = 0, No Iterations 0
diagonal:  Solving for Ux, Initial residual = 0, Final residual = 0, No Iterations 0
diagonal:  Solving for Uy, Initial residual = 0, Final residual = 0, No Iterations 0
diagonal:  Solving for Uz, Initial residual = 0, Final residual = 0, No Iterations 0
DILUPBiCGStab:  Solving for e, Initial residual = 4.74652e-13, Final residual = 4.74652e-13, No Iterations 0
DICPCG:  Solving for p_rgh, Initial residual = 1.02151e-16, Final residual = 1.02151e-16, No Iterations 0
diagonal:  Solving for rho, Initial residual = 0, Final residual = 0, No Iterations 0
DICPCG:  Solving for p_rgh, Initial residual = 1.02151e-16, Final residual = 1.02151e-16, No Iterations 0
diagonal:  Solving for rho, Initial residual = 0, Final residual = 0, No Iterations 0
diagonal:  Solving for Ux, Initial residual = 0, Final residual = 0, No Iterations 0
diagonal:  Solving for Uy, Initial residual = 0, Final residual = 0, No Iterations 0
diagonal:  Solving for Uz, Initial residual = 0, Final residual = 0, No Iterations 0
DILUPBiCGStab:  Solving for e, Initial residual = 4.74652e-13, Final residual = 4.74652e-13, No Iterations 0
DICPCG:  Solving for p_rgh, Initial residual = 1.02151e-16, Final residual = 1.02151e-16, No Iterations 0
diagonal:  Solving for rho, Initial residual = 0, Final residual = 0, No Iterations 0
DICPCG:  Solving for p_rgh, Initial residual = 1.02151e-16, Final residual = 1.02151e-16, No Iterations 0
diagonal:  Solving for rho, Initial residual = 0, Final residual = 0, No Iterations 0
diagonal:  Solving for Ux, Initial residual = 0, Final residual = 0, No Iterations 0
diagonal:  Solving for Uy, Initial residual = 0, Final residual = 0, No Iterations 0
diagonal:  Solving for Uz, Initial residual = 0, Final residual = 0, No Iterations 0
DILUPBiCGStab:  Solving for e, Initial residual = 4.74652e-13, Final residual = 4.74652e-13, No Iterations 0
DICPCG:  Solving for p_rgh, Initial residual = 1.02151e-16, Final residual = 1.02151e-16, No Iterations 0
diagonal:  Solving for rho, Initial residual = 0, Final residual = 0, No Iterations 0
DICPCG:  Solving for p_rgh, Initial residual = 1.02151e-16, Final residual = 1.02151e-16, No Iterations 0
diagonal:  Solving for rho, Initial residual = 0, Final residual = 0, No Iterations 0
diagonal:  Solving for Ux, Initial residual = 0, Final residual = 0, No Iterations 0
diagonal:  Solving for Uy, Initial residual = 0, Final residual = 0, No Iterations 0
diagonal:  Solving for Uz, Initial residual = 0, Final residual = 0, No Iterations 0
DILUPBiCGStab:  Solving for e, Initial residual = 4.74652e-13, Final residual = 4.74652e-13, No Iterations 0
DICPCG:  Solving for p_rgh, Initial residual = 1.02151e-16, Final residual = 1.02151e-16, No Iterations 0
diagonal:  Solving for rho, Initial residual = 0, Final residual = 0, No Iterations 0
DICPCG:  Solving for p_rgh, Initial residual = 1.02151e-16, Final residual = 1.02151e-16, No Iterations 0
diagonal:  Solving for rho, Initial residual = 0, Final residual = 0, No Iterations 0
diagonal:  Solving for Ux, Initial residual = 0, Final residual = 0, No Iterations 0
diagonal:  Solving for Uy, Initial residual = 0, Final residual = 0, No Iterations 0
diagonal:  Solving for Uz, Initial residual = 0, Final residual = 0, No Iterations 0
DILUPBiCGStab:  Solving for e, Initial residual = 4.74652e-13, Final residual = 4.74652e-13, No Iterations 0
DICPCG:  Solving for p_rgh, Initial residual = 1.02151e-16, Final residual = 1.02151e-16, No Iterations 0
diagonal:  Solving for rho, Initial residual = 0, Final residual = 0, No Iterations 0
DICPCG:  Solving for p_rgh, Initial residual = 1.02151e-16, Final residual = 1.02151e-16, No Iterations 0
diagonal:  Solving for rho, Initial residual = 0, Final residual = 0, No Iterations 0
diagonal:  Solving for Ux, Initial residual = 0, Final residual = 0, No Iterations 0
diagonal:  Solving for Uy, Initial residual = 0, Final residual = 0, No Iterations 0
diagonal:  Solving for Uz, Initial residual = 0, Final residual = 0, No Iterations 0
DILUPBiCGStab:  Solving for e, Initial residual = 4.74652e-13, Final residual = 4.74652e-13, No Iterations 0
DICPCG:  Solving for p_rgh, Initial residual = 1.02151e-16, Final residual = 1.02151e-16, No Iterations 0
diagonal:  Solving for rho, Initial residual = 0, Final residual = 0, No Iterations 0
DICPCG:  Solving for p_rgh, Initial residual = 1.02151e-16, Final residual = 1.02151e-16, No Iterations 0
diagonal:  Solving for rho, Initial residual = 0, Final residual = 0, No Iterations 0
diagonal:  Solving for Ux, Initial residual = 0, Final residual = 0, No Iterations 0
diagonal:  Solving for Uy, Initial residual = 0, Final residual = 0, No Iterations 0
diagonal:  Solving for Uz, Initial residual = 0, Final residual = 0, No Iterations 0
DILUPBiCGStab:  Solving for e, Initial residual = 4.74652e-13, Final residual = 4.74652e-13, No Iterations 0
DICPCG:  Solving for p_rgh, Initial residual = 1.02151e-16, Final residual = 1.02151e-16, No Iterations 0
diagonal:  Solving for rho, Initial residual = 0, Final residual = 0, No Iterations 0
DICPCG:  Solving for p_rgh, Initial residual = 1.02151e-16, Final residual = 1.02151e-16, No Iterations 0
diagonal:  Solving for rho, Initial residual = 0, Final residual = 0, No Iterations 0
diagonal:  Solving for Ux, Initial residual = 0, Final residual = 0, No Iterations 0
diagonal:  Solving for Uy, Initial residual = 0, Final residual = 0, No Iterations 0
diagonal:  Solving for Uz, Initial residual = 0, Final residual = 0, No Iterations 0
DILUPBiCGStab:  Solving for e, Initial residual = 4.74652e-13, Final residual = 4.74652e-13, No Iterations 0
DICPCG:  Solving for p_rgh, Initial residual = 1.02151e-16, Final residual = 1.02151e-16, No Iterations 0
diagonal:  Solving for rho, Initial residual = 0, Final residual = 0, No Iterations 0
DICPCG:  Solving for p_rgh, Initial residual = 1.02151e-16, Final residual = 1.02151e-16, No Iterations 0
diagonal:  Solving for rho, Initial residual = 0, Final residual = 0, No Iterations 0
diagonal:  Solving for Ux, Initial residual = 0, Final residual = 0, No Iterations 0
diagonal:  Solving for Uy, Initial residual = 0, Final residual = 0, No Iterations 0
diagonal:  Solving for Uz, Initial residual = 0, Final residual = 0, No Iterations 0
DILUPBiCGStab:  Solving for e, Initial residual = 4.74652e-13, Final residual = 4.74652e-13, No Iterations 0
DICPCG:  Solving for p_rgh, Initial residual = 1.02151e-16, Final residual = 1.02151e-16, No Iterations 0
diagonal:  Solving for rho, Initial residual = 0, Final residual = 0, No Iterations 0
DICPCG:  Solving for p_rgh, Initial residual = 1.02151e-16, Final residual = 1.02151e-16, No Iterations 0
diagonal:  Solving for rho, Initial residual = 0, Final residual = 0, No Iterations 0
diagonal:  Solving for Ux, Initial residual = 0, Final residual = 0, No Iterations 0
diagonal:  Solving for Uy, Initial residual = 0, Final residual = 0, No Iterations 0
diagonal:  Solving for Uz, Initial residual = 0, Final residual = 0, No Iterations 0
DILUPBiCGStab:  Solving for e, Initial residual = 4.74652e-13, Final residual = 4.74652e-13, No Iterations 0
DICPCG:  Solving for p_rgh, Initial residual = 1.02151e-16, Final residual = 1.02151e-16, No Iterations 0
diagonal:  Solving for rho, Initial residual = 0, Final residual = 0, No Iterations 0
DICPCG:  Solving for p_rgh, Initial residual = 1.02151e-16, Final residual = 1.02151e-16, No Iterations 0
diagonal:  Solving for rho, Initial residual = 0, Final residual = 0, No Iterations 0
diagonal:  Solving for Ux, Initial residual = 0, Final residual = 0, No Iterations 0
diagonal:  Solving for Uy, Initial residual = 0, Final residual = 0, No Iterations 0
diagonal:  Solving for Uz, Initial residual = 0, Final residual = 0, No Iterations 0
DILUPBiCGStab:  Solving for e, Initial residual = 4.74652e-13, Final residual = 4.74652e-13, No Iterations 0
DICPCG:  Solving for p_rgh, Initial residual = 1.02151e-16, Final residual = 1.02151e-16, No Iterations 0
diagonal:  Solving for rho, Initial residual = 0, Final residual = 0, No Iterations 0
DICPCG:  Solving for p_rgh, Initial residual = 1.02151e-16, Final residual = 1.02151e-16, No Iterations 0
diagonal:  Solving for rho, Initial residual = 0, Final residual = 0, No Iterations 0
diagonal:  Solving for Ux, Initial residual = 0, Final residual = 0, No Iterations 0
diagonal:  Solving for Uy, Initial residual = 0, Final residual = 0, No Iterations 0
diagonal:  Solving for Uz, Initial residual = 0, Final residual = 0, No Iterations 0
DILUPBiCGStab:  Solving for e, Initial residual = 4.74652e-13, Final residual = 4.74652e-13, No Iterations 0
DICPCG:  Solving for p_rgh, Initial residual = 1.02151e-16, Final residual = 1.02151e-16, No Iterations 0
diagonal:  Solving for rho, Initial residual = 0, Final residual = 0, No Iterations 0
DICPCG:  Solving for p_rgh, Initial residual = 1.02151e-16, Final residual = 1.02151e-16, No Iterations 0
diagonal:  Solving for rho, Initial residual = 0, Final residual = 0, No Iterations 0
diagonal:  Solving for Ux, Initial residual = 0, Final residual = 0, No Iterations 0
diagonal:  Solving for Uy, Initial residual = 0, Final residual = 0, No Iterations 0
diagonal:  Solving for Uz, Initial residual = 0, Final residual = 0, No Iterations 0
DILUPBiCGStab:  Solving for e, Initial residual = 4.74652e-13, Final residual = 4.74652e-13, No Iterations 0
DICPCG:  Solving for p_rgh, Initial residual = 1.02151e-16, Final residual = 1.02151e-16, No Iterations 0
diagonal:  Solving for rho, Initial residual = 0, Final residual = 0, No Iterations 0
DICPCG:  Solving for p_rgh, Initial residual = 1.02151e-16, Final residual = 1.02151e-16, No Iterations 0
diagonal:  Solving for rho, Initial residual = 0, Final residual = 0, No Iterations 0
diagonal:  Solving for Ux, Initial residual = 0, Final residual = 0, No Iterations 0
diagonal:  Solving for Uy, Initial residual = 0, Final residual = 0, No Iterations 0
diagonal:  Solving for Uz, Initial residual = 0, Final residual = 0, No Iterations 0
DILUPBiCGStab:  Solving for e, Initial residual = 4.74652e-13, Final residual = 4.74652e-13, No Iterations 0
DICPCG:  Solving for p_rgh, Initial residual = 1.02151e-16, Final residual = 1.02151e-16, No Iterations 0
diagonal:  Solving for rho, Initial residual = 0, Final residual = 0, No Iterations 0
DICPCG:  Solving for p_rgh, Initial residual = 1.02151e-16, Final residual = 1.02151e-16, No Iterations 0
diagonal:  Solving for rho, Initial residual = 0, Final residual = 0, No Iterations 0
diagonal:  Solving for Ux, Initial residual = 0, Final residual = 0, No Iterations 0
diagonal:  Solving for Uy, Initial residual = 0, Final residual = 0, No Iterations 0
diagonal:  Solving for Uz, Initial residual = 0, Final residual = 0, No Iterations 0
DILUPBiCGStab:  Solving for e, Initial residual = 4.74652e-13, Final residual = 4.74652e-13, No Iterations 0
DICPCG:  Solving for p_rgh, Initial residual = 1.02151e-16, Final residual = 1.02151e-16, No Iterations 0
diagonal:  Solving for rho, Initial residual = 0, Final residual = 0, No Iterations 0
DICPCG:  Solving for p_rgh, Initial residual = 1.02151e-16, Final residual = 1.02151e-16, No Iterations 0
diagonal:  Solving for rho, Initial residual = 0, Final residual = 0, No Iterations 0
U04_SUMMARY {"classification":"SYNTHETIC_EVALUATOR_TEST","h":0.027734374999999999,"k":0.20000000000000001,"linear_solves":121,"observed":false,"outer":24,"physical_fingerprint_sha256":"601756aaf20ce9cef87eadef685c8206b631d89ff4a7793458980b38671729e7","pressure_per_outer":2}
