000_scout_controller 4.199 0.911 [6343297, 11241593] {'no_additional_repeats': True, 'other_CPU_fraction_max': 0.022222222222222223, 'other_CPU_method': 'registered dedicated user cgroup lifetime CPU including reaped/short-lived processes and all observers; proc fallback uses conservative subtree bounds', 'reasons': [], 'samples': 112, 'status': 'STABLE', 'uncertain_intervals': 0}
backend {'ACK_send': 0.0001, 'JSON_decode': 0.1246, 'backend_receive': 1.5562, 'canonical': 0.0367, 'packed_SHA': 0.0294, 'packing': 0.425, 'replay': 0.0, 'writer_accept': 0.7067}
001_scout_controller 4.202 0.921 [6343297, 11241593] {'no_additional_repeats': True, 'other_CPU_fraction_max': 0.023255813953488372, 'other_CPU_method': 'registered dedicated user cgroup lifetime CPU including reaped/short-lived processes and all observers; proc fallback uses conservative subtree bounds', 'reasons': [], 'samples': 110, 'status': 'STABLE', 'uncertain_intervals': 0}
backend {'ACK_send': 0.0, 'JSON_decode': 0.1277, 'backend_receive': 1.5539, 'canonical': 0.0363, 'packed_SHA': 0.0281, 'packing': 0.428, 'replay': 0.0, 'writer_accept': 0.7088}
002_scout_controller 4.228 0.928 [6343297, 11241593] {'no_additional_repeats': True, 'other_CPU_fraction_max': 0.023529411764705882, 'other_CPU_method': 'registered dedicated user cgroup lifetime CPU including reaped/short-lived processes and all observers; proc fallback uses conservative subtree bounds', 'reasons': [], 'samples': 111, 'status': 'STABLE', 'uncertain_intervals': 0}
backend {'ACK_send': 0.0001, 'JSON_decode': 0.1313, 'backend_receive': 1.5592, 'canonical': 0.0412, 'packed_SHA': 0.0272, 'packing': 0.4324, 'replay': 0.0, 'writer_accept': 0.7135}
003_scout_field 4.227 0.913 [6343298, 11241586] {'no_additional_repeats': True, 'other_CPU_fraction_max': 0.02247191011235955, 'other_CPU_method': 'registered dedicated user cgroup lifetime CPU including reaped/short-lived processes and all observers; proc fallback uses conservative subtree bounds', 'reasons': [], 'samples': 112, 'status': 'STABLE', 'uncertain_intervals': 0}
backend {'ACK_send': 0.0001, 'JSON_decode': 0.1259, 'backend_receive': 1.5516, 'canonical': 0.0374, 'packed_SHA': 0.0281, 'packing': 0.4247, 'replay': 0.0, 'writer_accept': 0.7082}
004_scout_field 4.25 0.917 [6343298, 11241586] {'no_additional_repeats': True, 'other_CPU_fraction_max': 0.022727272727272728, 'other_CPU_method': 'registered dedicated user cgroup lifetime CPU including reaped/short-lived processes and all observers; proc fallback uses conservative subtree bounds', 'reasons': [], 'samples': 112, 'status': 'STABLE', 'uncertain_intervals': 0}
backend {'ACK_send': 0.0001, 'JSON_decode': 0.1305, 'backend_receive': 1.5477, 'canonical': 0.0369, 'packed_SHA': 0.0281, 'packing': 0.43, 'replay': 0.0, 'writer_accept': 0.7139}
005_scout_field 4.218 0.917 [6343298, 11241586] {'no_additional_repeats': True, 'other_CPU_fraction_max': 0.02247191011235955, 'other_CPU_method': 'registered dedicated user cgroup lifetime CPU including reaped/short-lived processes and all observers; proc fallback uses conservative subtree bounds', 'reasons': [], 'samples': 111, 'status': 'STABLE', 'uncertain_intervals': 0}
backend {'ACK_send': 0.0, 'JSON_decode': 0.1251, 'backend_receive': 1.5512, 'canonical': 0.0366, 'packed_SHA': 0.0283, 'packing': 0.4276, 'replay': 0.0, 'writer_accept': 0.7097}
006_scout_matrix 4.11 0.743 [6343304, 11371005] {'no_additional_repeats': True, 'other_CPU_fraction_max': 0.022222222222222223, 'other_CPU_method': 'registered dedicated user cgroup lifetime CPU including reaped/short-lived processes and all observers; proc fallback uses conservative subtree bounds', 'reasons': [], 'samples': 107, 'status': 'STABLE', 'uncertain_intervals': 0}
backend {'ACK_send': 0.0001, 'JSON_decode': 0.1171, 'backend_receive': 1.4912, 'canonical': 0.0348, 'packed_SHA': 0.0316, 'packing': 0.377, 'replay': 0.016, 'writer_accept': 0.6815}
007_scout_matrix 4.1 0.738 [6343304, 11371005] {'no_additional_repeats': True, 'other_CPU_fraction_max': 0.022727272727272728, 'other_CPU_method': 'registered dedicated user cgroup lifetime CPU including reaped/short-lived processes and all observers; proc fallback uses conservative subtree bounds', 'reasons': [], 'samples': 108, 'status': 'STABLE', 'uncertain_intervals': 0}
backend {'ACK_send': 0.0001, 'JSON_decode': 0.1266, 'backend_receive': 1.5019, 'canonical': 0.0349, 'packed_SHA': 0.029, 'packing': 0.374, 'replay': 0.016, 'writer_accept': 0.6713}
008_scout_matrix 4.084 0.739 [6343304, 11371005] {'no_additional_repeats': True, 'other_CPU_fraction_max': 0.02247191011235955, 'other_CPU_method': 'registered dedicated user cgroup lifetime CPU including reaped/short-lived processes and all observers; proc fallback uses conservative subtree bounds', 'reasons': [], 'samples': 106, 'status': 'STABLE', 'uncertain_intervals': 0}
backend {'ACK_send': 0.0001, 'JSON_decode': 0.12, 'backend_receive': 1.4766, 'canonical': 0.0346, 'packed_SHA': 0.0295, 'packing': 0.3713, 'replay': 0.0163, 'writer_accept': 0.6679}
009_scout_term 3.826 0.535 [6343300, 8871389] {'no_additional_repeats': True, 'other_CPU_fraction_max': 0.022727272727272728, 'other_CPU_method': 'registered dedicated user cgroup lifetime CPU including reaped/short-lived processes and all observers; proc fallback uses conservative subtree bounds', 'reasons': [], 'samples': 102, 'status': 'STABLE', 'uncertain_intervals': 0}
backend {'ACK_send': 0.0, 'JSON_decode': 0.0986, 'backend_receive': 1.3774, 'canonical': 0.0273, 'packed_SHA': 0.0252, 'packing': 0.3638, 'replay': 0.0, 'writer_accept': 0.606}
010_scout_term 3.858 0.56 [6343300, 8871389] {'no_additional_repeats': True, 'other_CPU_fraction_max': 0.022727272727272728, 'other_CPU_method': 'registered dedicated user cgroup lifetime CPU including reaped/short-lived processes and all observers; proc fallback uses conservative subtree bounds', 'reasons': [], 'samples': 102, 'status': 'STABLE', 'uncertain_intervals': 0}
backend {'ACK_send': 0.0001, 'JSON_decode': 0.1007, 'backend_receive': 1.3722, 'canonical': 0.0276, 'packed_SHA': 0.0272, 'packing': 0.3733, 'replay': 0.0, 'writer_accept': 0.6144}
011_scout_term 3.838 0.533 [6343300, 8871389] {'no_additional_repeats': True, 'other_CPU_fraction_max': 0.02247191011235955, 'other_CPU_method': 'registered dedicated user cgroup lifetime CPU including reaped/short-lived processes and all observers; proc fallback uses conservative subtree bounds', 'reasons': [], 'samples': 102, 'status': 'STABLE', 'uncertain_intervals': 0}
backend {'ACK_send': 0.0001, 'JSON_decode': 0.0993, 'backend_receive': 1.3833, 'canonical': 0.0271, 'packed_SHA': 0.0245, 'packing': 0.3597, 'replay': 0.0, 'writer_accept': 0.5959}
012_scout_energy_matrix 4.921 1.525 [6343304, 17262628] {'no_additional_repeats': True, 'other_CPU_fraction_max': 0.053763440860215055, 'other_CPU_method': 'registered dedicated user cgroup lifetime CPU including reaped/short-lived processes and all observers; proc fallback uses conservative subtree bounds', 'reasons': [], 'samples': 128, 'status': 'STABLE', 'uncertain_intervals': 0}
backend {'ACK_send': 0.0, 'JSON_decode': 0.1903, 'backend_receive': 1.8695, 'canonical': 0.0587, 'packed_SHA': 0.0357, 'packing': 0.5215, 'replay': 0.0289, 'writer_accept': 0.8714}
013_scout_energy_matrix 4.96 1.525 [6343304, 17262628] {'no_additional_repeats': True, 'other_CPU_fraction_max': 0.023255813953488372, 'other_CPU_method': 'registered dedicated user cgroup lifetime CPU including reaped/short-lived processes and all observers; proc fallback uses conservative subtree bounds', 'reasons': [], 'samples': 130, 'status': 'STABLE', 'uncertain_intervals': 0}
backend {'ACK_send': 0.0, 'JSON_decode': 0.1801, 'backend_receive': 1.8563, 'canonical': 0.0588, 'packed_SHA': 0.0362, 'packing': 0.5212, 'replay': 0.0289, 'writer_accept': 0.8843}
014_scout_energy_matrix 4.952 1.511 [6343304, 17262628] {'no_additional_repeats': True, 'other_CPU_fraction_max': 0.02197802197802198, 'other_CPU_method': 'registered dedicated user cgroup lifetime CPU including reaped/short-lived processes and all observers; proc fallback uses conservative subtree bounds', 'reasons': [], 'samples': 127, 'status': 'STABLE', 'uncertain_intervals': 0}
backend {'ACK_send': 0.0, 'JSON_decode': 0.187, 'backend_receive': 1.8682, 'canonical': 0.0584, 'packed_SHA': 0.0356, 'packing': 0.5191, 'replay': 0.029, 'writer_accept': 0.868}
015_scout_pressure_matrix 4.473 1.101 [6343308, 13539156] {'no_additional_repeats': True, 'other_CPU_fraction_max': 0.022222222222222223, 'other_CPU_method': 'registered dedicated user cgroup lifetime CPU including reaped/short-lived processes and all observers; proc fallback uses conservative subtree bounds', 'reasons': [], 'samples': 117, 'status': 'STABLE', 'uncertain_intervals': 0}
backend {'ACK_send': 0.0001, 'JSON_decode': 0.1429, 'backend_receive': 1.6544, 'canonical': 0.0443, 'packed_SHA': 0.0342, 'packing': 0.4189, 'replay': 0.0631, 'writer_accept': 0.7174}
016_scout_pressure_matrix 4.487 1.114 [6343308, 13539156] {'no_additional_repeats': True, 'other_CPU_fraction_max': 0.022222222222222223, 'other_CPU_method': 'registered dedicated user cgroup lifetime CPU including reaped/short-lived processes and all observers; proc fallback uses conservative subtree bounds', 'reasons': [], 'samples': 117, 'status': 'STABLE', 'uncertain_intervals': 0}
backend {'ACK_send': 0.0, 'JSON_decode': 0.1453, 'backend_receive': 1.6772, 'canonical': 0.0444, 'packed_SHA': 0.0335, 'packing': 0.4197, 'replay': 0.0631, 'writer_accept': 0.7176}
017_scout_pressure_matrix 4.485 1.104 [6343308, 13539156] {'no_additional_repeats': True, 'other_CPU_fraction_max': 0.022222222222222223, 'other_CPU_method': 'registered dedicated user cgroup lifetime CPU including reaped/short-lived processes and all observers; proc fallback uses conservative subtree bounds', 'reasons': [], 'samples': 116, 'status': 'STABLE', 'uncertain_intervals': 0}
backend {'ACK_send': 0.0001, 'JSON_decode': 0.1439, 'backend_receive': 1.6832, 'canonical': 0.0441, 'packed_SHA': 0.0329, 'packing': 0.4231, 'replay': 0.0632, 'writer_accept': 0.7188}
018_scout_OFF 2.398 0.124 [0, 0] {'no_additional_repeats': True, 'other_CPU_fraction_max': 0.03225806451612903, 'other_CPU_method': 'registered dedicated user cgroup lifetime CPU including reaped/short-lived processes and all observers; proc fallback uses conservative subtree bounds', 'reasons': [], 'samples': 64, 'status': 'STABLE', 'uncertain_intervals': 0}
019_scout_OFF 2.389 0.123 [0, 0] {'no_additional_repeats': True, 'other_CPU_fraction_max': 0.022222222222222223, 'other_CPU_method': 'registered dedicated user cgroup lifetime CPU including reaped/short-lived processes and all observers; proc fallback uses conservative subtree bounds', 'reasons': [], 'samples': 63, 'status': 'STABLE', 'uncertain_intervals': 0}
020_scout_OFF 2.355 0.123 [0, 0] {'no_additional_repeats': True, 'other_CPU_fraction_max': 0.022222222222222223, 'other_CPU_method': 'registered dedicated user cgroup lifetime CPU including reaped/short-lived processes and all observers; proc fallback uses conservative subtree bounds', 'reasons': [], 'samples': 63, 'status': 'STABLE', 'uncertain_intervals': 0}
