000_scout_controller 4.516 1.033 [6343297, 11241593] {'no_additional_repeats': True, 'other_CPU_fraction_max': 0.022222222222222223, 'other_CPU_method': 'registered dedicated user cgroup lifetime CPU including reaped/short-lived processes and all observers; proc fallback uses conservative subtree bounds', 'reasons': [], 'samples': 119, 'status': 'STABLE', 'uncertain_intervals': 0}
backend {'ACK_send': 0.0001, 'JSON_decode': 0.135, 'backend_receive': 1.4342, 'canonical': 0.3888, 'packed_SHA': 0.029, 'packing': 0.4563, 'replay': 0.0, 'writer_accept': 0.765}
001_scout_controller 4.538 1.055 [6343297, 11241593] {'no_additional_repeats': True, 'other_CPU_fraction_max': 0.031578947368421054, 'other_CPU_method': 'registered dedicated user cgroup lifetime CPU including reaped/short-lived processes and all observers; proc fallback uses conservative subtree bounds', 'reasons': [], 'samples': 118, 'status': 'STABLE', 'uncertain_intervals': 0}
backend {'ACK_send': 0.0, 'JSON_decode': 0.1427, 'backend_receive': 1.4354, 'canonical': 0.3962, 'packed_SHA': 0.0281, 'packing': 0.4561, 'replay': 0.0, 'writer_accept': 0.7656}
002_scout_controller 4.548 1.068 [6343297, 11241593] {'no_additional_repeats': True, 'other_CPU_fraction_max': 0.022222222222222223, 'other_CPU_method': 'registered dedicated user cgroup lifetime CPU including reaped/short-lived processes and all observers; proc fallback uses conservative subtree bounds', 'reasons': [], 'samples': 119, 'status': 'STABLE', 'uncertain_intervals': 0}
backend {'ACK_send': 0.0001, 'JSON_decode': 0.1373, 'backend_receive': 1.4651, 'canonical': 0.3891, 'packed_SHA': 0.0287, 'packing': 0.4552, 'replay': 0.0, 'writer_accept': 0.7798}
003_scout_field 4.517 1.037 [6343298, 11241586] {'no_additional_repeats': True, 'other_CPU_fraction_max': 0.022727272727272728, 'other_CPU_method': 'registered dedicated user cgroup lifetime CPU including reaped/short-lived processes and all observers; proc fallback uses conservative subtree bounds', 'reasons': [], 'samples': 119, 'status': 'STABLE', 'uncertain_intervals': 0}
backend {'ACK_send': 0.0001, 'JSON_decode': 0.1345, 'backend_receive': 1.4427, 'canonical': 0.3883, 'packed_SHA': 0.0291, 'packing': 0.4569, 'replay': 0.0, 'writer_accept': 0.7662}
004_scout_field 4.525 1.037 [6343298, 11241586] {'no_additional_repeats': True, 'other_CPU_fraction_max': 0.021739130434782608, 'other_CPU_method': 'registered dedicated user cgroup lifetime CPU including reaped/short-lived processes and all observers; proc fallback uses conservative subtree bounds', 'reasons': [], 'samples': 118, 'status': 'STABLE', 'uncertain_intervals': 0}
backend {'ACK_send': 0.0001, 'JSON_decode': 0.1328, 'backend_receive': 1.4383, 'canonical': 0.3871, 'packed_SHA': 0.0275, 'packing': 0.4554, 'replay': 0.0, 'writer_accept': 0.7766}
005_scout_field 4.493 1.035 [6343298, 11241586] {'no_additional_repeats': True, 'other_CPU_fraction_max': 0.02247191011235955, 'other_CPU_method': 'registered dedicated user cgroup lifetime CPU including reaped/short-lived processes and all observers; proc fallback uses conservative subtree bounds', 'reasons': [], 'samples': 118, 'status': 'STABLE', 'uncertain_intervals': 0}
backend {'ACK_send': 0.0, 'JSON_decode': 0.1329, 'backend_receive': 1.4386, 'canonical': 0.3889, 'packed_SHA': 0.0281, 'packing': 0.4621, 'replay': 0.0, 'writer_accept': 0.7746}
006_scout_matrix 4.403 0.884 [6343304, 11371005] {'no_additional_repeats': True, 'other_CPU_fraction_max': 0.04395604395604396, 'other_CPU_method': 'registered dedicated user cgroup lifetime CPU including reaped/short-lived processes and all observers; proc fallback uses conservative subtree bounds', 'reasons': [], 'samples': 115, 'status': 'STABLE', 'uncertain_intervals': 0}
backend {'ACK_send': 0.0, 'JSON_decode': 0.1248, 'backend_receive': 1.3938, 'canonical': 0.4031, 'packed_SHA': 0.0292, 'packing': 0.4276, 'replay': 0.0359, 'writer_accept': 0.7239}
007_scout_matrix 4.424 0.892 [6343304, 11371005] {'no_additional_repeats': True, 'other_CPU_fraction_max': 0.05434782608695652, 'other_CPU_method': 'registered dedicated user cgroup lifetime CPU including reaped/short-lived processes and all observers; proc fallback uses conservative subtree bounds', 'reasons': [], 'samples': 116, 'status': 'STABLE', 'uncertain_intervals': 0}
backend {'ACK_send': 0.0001, 'JSON_decode': 0.1292, 'backend_receive': 1.4186, 'canonical': 0.4029, 'packed_SHA': 0.0299, 'packing': 0.4167, 'replay': 0.036, 'writer_accept': 0.7116}
008_scout_matrix 4.426 0.885 [6343304, 11371005] {'no_additional_repeats': True, 'other_CPU_fraction_max': 0.04395604395604396, 'other_CPU_method': 'registered dedicated user cgroup lifetime CPU including reaped/short-lived processes and all observers; proc fallback uses conservative subtree bounds', 'reasons': [], 'samples': 115, 'status': 'STABLE', 'uncertain_intervals': 0}
backend {'ACK_send': 0.0001, 'JSON_decode': 0.13, 'backend_receive': 1.403, 'canonical': 0.4093, 'packed_SHA': 0.0279, 'packing': 0.4143, 'replay': 0.0361, 'writer_accept': 0.7053}
009_scout_term 4.12 0.645 [6343300, 8871389] {'no_additional_repeats': True, 'other_CPU_fraction_max': 0.02247191011235955, 'other_CPU_method': 'registered dedicated user cgroup lifetime CPU including reaped/short-lived processes and all observers; proc fallback uses conservative subtree bounds', 'reasons': [], 'samples': 108, 'status': 'STABLE', 'uncertain_intervals': 0}
backend {'ACK_send': 0.0001, 'JSON_decode': 0.1068, 'backend_receive': 1.3004, 'canonical': 0.3786, 'packed_SHA': 0.0254, 'packing': 0.3718, 'replay': 0.0, 'writer_accept': 0.6397}
010_scout_term 4.142 0.653 [6343300, 8871389] {'no_additional_repeats': True, 'other_CPU_fraction_max': 0.022222222222222223, 'other_CPU_method': 'registered dedicated user cgroup lifetime CPU including reaped/short-lived processes and all observers; proc fallback uses conservative subtree bounds', 'reasons': [], 'samples': 109, 'status': 'STABLE', 'uncertain_intervals': 0}
backend {'ACK_send': 0.0, 'JSON_decode': 0.107, 'backend_receive': 1.2872, 'canonical': 0.378, 'packed_SHA': 0.0268, 'packing': 0.3713, 'replay': 0.0, 'writer_accept': 0.6397}
011_scout_term 4.1 0.646 [6343300, 8871389] {'no_additional_repeats': True, 'other_CPU_fraction_max': 0.022222222222222223, 'other_CPU_method': 'registered dedicated user cgroup lifetime CPU including reaped/short-lived processes and all observers; proc fallback uses conservative subtree bounds', 'reasons': [], 'samples': 106, 'status': 'STABLE', 'uncertain_intervals': 0}
backend {'ACK_send': 0.0001, 'JSON_decode': 0.111, 'backend_receive': 1.298, 'canonical': 0.379, 'packed_SHA': 0.0266, 'packing': 0.372, 'replay': 0.0, 'writer_accept': 0.642}
012_scout_energy_matrix 5.217 1.685 [6343304, 17262628] {'no_additional_repeats': True, 'other_CPU_fraction_max': 0.056818181818181816, 'other_CPU_method': 'registered dedicated user cgroup lifetime CPU including reaped/short-lived processes and all observers; proc fallback uses conservative subtree bounds', 'reasons': [], 'samples': 137, 'status': 'STABLE', 'uncertain_intervals': 0}
backend {'ACK_send': 0.0001, 'JSON_decode': 0.186, 'backend_receive': 1.6949, 'canonical': 0.4393, 'packed_SHA': 0.0355, 'packing': 0.5535, 'replay': 0.0611, 'writer_accept': 0.9284}
013_scout_energy_matrix 5.244 1.686 [6343304, 17262628] {'no_additional_repeats': True, 'other_CPU_fraction_max': 0.022222222222222223, 'other_CPU_method': 'registered dedicated user cgroup lifetime CPU including reaped/short-lived processes and all observers; proc fallback uses conservative subtree bounds', 'reasons': [], 'samples': 136, 'status': 'STABLE', 'uncertain_intervals': 0}
backend {'ACK_send': 0.0001, 'JSON_decode': 0.1908, 'backend_receive': 1.6974, 'canonical': 0.4458, 'packed_SHA': 0.0357, 'packing': 0.5482, 'replay': 0.0608, 'writer_accept': 0.9221}
014_scout_energy_matrix 5.228 1.682 [6343304, 17262628] {'no_additional_repeats': True, 'other_CPU_fraction_max': 0.021739130434782608, 'other_CPU_method': 'registered dedicated user cgroup lifetime CPU including reaped/short-lived processes and all observers; proc fallback uses conservative subtree bounds', 'reasons': [], 'samples': 136, 'status': 'STABLE', 'uncertain_intervals': 0}
backend {'ACK_send': 0.0001, 'JSON_decode': 0.1938, 'backend_receive': 1.7013, 'canonical': 0.4424, 'packed_SHA': 0.036, 'packing': 0.552, 'replay': 0.061, 'writer_accept': 0.9239}
015_scout_pressure_matrix 4.838 1.272 [6343308, 13539156] {'no_additional_repeats': True, 'other_CPU_fraction_max': 0.022222222222222223, 'other_CPU_method': 'registered dedicated user cgroup lifetime CPU including reaped/short-lived processes and all observers; proc fallback uses conservative subtree bounds', 'reasons': [], 'samples': 126, 'status': 'STABLE', 'uncertain_intervals': 0}
backend {'ACK_send': 0.0001, 'JSON_decode': 0.1515, 'backend_receive': 1.5577, 'canonical': 0.4073, 'packed_SHA': 0.0334, 'packing': 0.4697, 'replay': 0.0696, 'writer_accept': 0.8144}
016_scout_pressure_matrix 4.806 1.254 [6343308, 13539156] {'no_additional_repeats': True, 'other_CPU_fraction_max': 0.022222222222222223, 'other_CPU_method': 'registered dedicated user cgroup lifetime CPU including reaped/short-lived processes and all observers; proc fallback uses conservative subtree bounds', 'reasons': [], 'samples': 125, 'status': 'STABLE', 'uncertain_intervals': 0}
backend {'ACK_send': 0.0001, 'JSON_decode': 0.15, 'backend_receive': 1.5136, 'canonical': 0.4057, 'packed_SHA': 0.033, 'packing': 0.4665, 'replay': 0.0698, 'writer_accept': 0.8081}
017_scout_pressure_matrix 4.795 1.267 [6343308, 13539156] {'no_additional_repeats': True, 'other_CPU_fraction_max': 0.022222222222222223, 'other_CPU_method': 'registered dedicated user cgroup lifetime CPU including reaped/short-lived processes and all observers; proc fallback uses conservative subtree bounds', 'reasons': [], 'samples': 125, 'status': 'STABLE', 'uncertain_intervals': 0}
backend {'ACK_send': 0.0001, 'JSON_decode': 0.1506, 'backend_receive': 1.5391, 'canonical': 0.4058, 'packed_SHA': 0.0328, 'packing': 0.4665, 'replay': 0.0695, 'writer_accept': 0.7934}
018_scout_OFF 2.424 0.126 [0, 0] {'no_additional_repeats': True, 'other_CPU_fraction_max': 0.021739130434782608, 'other_CPU_method': 'registered dedicated user cgroup lifetime CPU including reaped/short-lived processes and all observers; proc fallback uses conservative subtree bounds', 'reasons': [], 'samples': 64, 'status': 'STABLE', 'uncertain_intervals': 0}
019_scout_OFF 2.426 0.126 [0, 0] {'no_additional_repeats': True, 'other_CPU_fraction_max': 0.02247191011235955, 'other_CPU_method': 'registered dedicated user cgroup lifetime CPU including reaped/short-lived processes and all observers; proc fallback uses conservative subtree bounds', 'reasons': [], 'samples': 64, 'status': 'STABLE', 'uncertain_intervals': 0}
020_scout_OFF 2.375 0.127 [0, 0] {'no_additional_repeats': True, 'other_CPU_fraction_max': 0.022222222222222223, 'other_CPU_method': 'registered dedicated user cgroup lifetime CPU including reaped/short-lived processes and all observers; proc fallback uses conservative subtree bounds', 'reasons': [], 'samples': 62, 'status': 'STABLE', 'uncertain_intervals': 0}
