000_scout_controller 4.804 1.173 [10445132, 18521140] {'no_additional_repeats': True, 'other_CPU_fraction_max': 0.02197802197802198, 'other_CPU_method': 'registered dedicated user cgroup lifetime CPU including reaped/short-lived processes and all observers; proc fallback uses conservative subtree bounds', 'reasons': [], 'samples': 126, 'status': 'STABLE', 'uncertain_intervals': 0}
backend {'ACK_send': 0.0, 'backend_receive': 1.8715, 'canonical': 0.3847, 'packed_SHA': 0.0287, 'packing': 0.4654, 'replay': 0.0, 'writer_accept': 0.775}
001_scout_controller 4.816 1.174 [10445132, 18521140] {'no_additional_repeats': True, 'other_CPU_fraction_max': 0.022222222222222223, 'other_CPU_method': 'registered dedicated user cgroup lifetime CPU including reaped/short-lived processes and all observers; proc fallback uses conservative subtree bounds', 'reasons': [], 'samples': 125, 'status': 'STABLE', 'uncertain_intervals': 0}
backend {'ACK_send': 0.0, 'backend_receive': 1.8756, 'canonical': 0.3866, 'packed_SHA': 0.0285, 'packing': 0.4665, 'replay': 0.0, 'writer_accept': 0.7779}
002_scout_controller 4.815 1.17 [10445132, 18521140] {'no_additional_repeats': True, 'other_CPU_fraction_max': 0.03260869565217391, 'other_CPU_method': 'registered dedicated user cgroup lifetime CPU including reaped/short-lived processes and all observers; proc fallback uses conservative subtree bounds', 'reasons': [], 'samples': 126, 'status': 'STABLE', 'uncertain_intervals': 0}
backend {'ACK_send': 0.0, 'backend_receive': 1.8676, 'canonical': 0.3854, 'packed_SHA': 0.0285, 'packing': 0.4669, 'replay': 0.0, 'writer_accept': 0.7758}
003_scout_field 4.809 1.172 [10445133, 18521133] {'no_additional_repeats': True, 'other_CPU_fraction_max': 0.022222222222222223, 'other_CPU_method': 'registered dedicated user cgroup lifetime CPU including reaped/short-lived processes and all observers; proc fallback uses conservative subtree bounds', 'reasons': [], 'samples': 126, 'status': 'STABLE', 'uncertain_intervals': 0}
backend {'ACK_send': 0.0001, 'backend_receive': 1.8518, 'canonical': 0.3899, 'packed_SHA': 0.0296, 'packing': 0.4655, 'replay': 0.0, 'writer_accept': 0.7792}
004_scout_field 4.815 1.18 [10445133, 18521133] {'no_additional_repeats': True, 'other_CPU_fraction_max': 0.02247191011235955, 'other_CPU_method': 'registered dedicated user cgroup lifetime CPU including reaped/short-lived processes and all observers; proc fallback uses conservative subtree bounds', 'reasons': [], 'samples': 126, 'status': 'STABLE', 'uncertain_intervals': 0}
backend {'ACK_send': 0.0, 'backend_receive': 1.8773, 'canonical': 0.3872, 'packed_SHA': 0.0284, 'packing': 0.4714, 'replay': 0.0, 'writer_accept': 0.7811}
005_scout_field 4.787 1.173 [10445133, 18521133] {'no_additional_repeats': True, 'other_CPU_fraction_max': 0.03225806451612903, 'other_CPU_method': 'registered dedicated user cgroup lifetime CPU including reaped/short-lived processes and all observers; proc fallback uses conservative subtree bounds', 'reasons': [], 'samples': 127, 'status': 'STABLE', 'uncertain_intervals': 0}
backend {'ACK_send': 0.0, 'backend_receive': 1.8576, 'canonical': 0.384, 'packed_SHA': 0.0287, 'packing': 0.4687, 'replay': 0.0, 'writer_accept': 0.7784}
006_scout_matrix 4.623 0.949 [10445139, 16781894] {'no_additional_repeats': True, 'other_CPU_fraction_max': 0.021739130434782608, 'other_CPU_method': 'registered dedicated user cgroup lifetime CPU including reaped/short-lived processes and all observers; proc fallback uses conservative subtree bounds', 'reasons': [], 'samples': 121, 'status': 'STABLE', 'uncertain_intervals': 0}
backend {'ACK_send': 0.0, 'backend_receive': 1.7293, 'canonical': 0.3991, 'packed_SHA': 0.0292, 'packing': 0.4308, 'replay': 0.0197, 'writer_accept': 0.7231}
007_scout_matrix 4.604 0.954 [10445139, 16781894] {'no_additional_repeats': True, 'other_CPU_fraction_max': 0.030927835051546393, 'other_CPU_method': 'registered dedicated user cgroup lifetime CPU including reaped/short-lived processes and all observers; proc fallback uses conservative subtree bounds', 'reasons': [], 'samples': 121, 'status': 'STABLE', 'uncertain_intervals': 0}
backend {'ACK_send': 0.0001, 'backend_receive': 1.74, 'canonical': 0.3997, 'packed_SHA': 0.0287, 'packing': 0.4276, 'replay': 0.0197, 'writer_accept': 0.728}
008_scout_matrix 4.621 0.944 [10445139, 16781894] {'no_additional_repeats': True, 'other_CPU_fraction_max': 0.022727272727272728, 'other_CPU_method': 'registered dedicated user cgroup lifetime CPU including reaped/short-lived processes and all observers; proc fallback uses conservative subtree bounds', 'reasons': [], 'samples': 122, 'status': 'STABLE', 'uncertain_intervals': 0}
backend {'ACK_send': 0.0, 'backend_receive': 1.7442, 'canonical': 0.3999, 'packed_SHA': 0.0287, 'packing': 0.4283, 'replay': 0.0196, 'writer_accept': 0.7228}
009_scout_term 4.328 0.715 [10445135, 14692624] {'no_additional_repeats': True, 'other_CPU_fraction_max': 0.02247191011235955, 'other_CPU_method': 'registered dedicated user cgroup lifetime CPU including reaped/short-lived processes and all observers; proc fallback uses conservative subtree bounds', 'reasons': [], 'samples': 114, 'status': 'STABLE', 'uncertain_intervals': 0}
backend {'ACK_send': 0.0001, 'backend_receive': 1.6109, 'canonical': 0.3759, 'packed_SHA': 0.0272, 'packing': 0.4015, 'replay': 0.0, 'writer_accept': 0.6564}
010_scout_term 4.345 0.718 [10445135, 14692624] {'no_additional_repeats': True, 'other_CPU_fraction_max': 0.02197802197802198, 'other_CPU_method': 'registered dedicated user cgroup lifetime CPU including reaped/short-lived processes and all observers; proc fallback uses conservative subtree bounds', 'reasons': [], 'samples': 113, 'status': 'STABLE', 'uncertain_intervals': 0}
backend {'ACK_send': 0.0001, 'backend_receive': 1.6412, 'canonical': 0.3769, 'packed_SHA': 0.0254, 'packing': 0.4, 'replay': 0.0, 'writer_accept': 0.655}
011_scout_term 4.343 0.719 [10445135, 14692624] {'no_additional_repeats': True, 'other_CPU_fraction_max': 0.02197802197802198, 'other_CPU_method': 'registered dedicated user cgroup lifetime CPU including reaped/short-lived processes and all observers; proc fallback uses conservative subtree bounds', 'reasons': [], 'samples': 113, 'status': 'STABLE', 'uncertain_intervals': 0}
backend {'ACK_send': 0.0001, 'backend_receive': 1.6093, 'canonical': 0.3773, 'packed_SHA': 0.0254, 'packing': 0.4034, 'replay': 0.0, 'writer_accept': 0.6616}
012_scout_energy_matrix 5.609 1.906 [10445139, 28220235] {'no_additional_repeats': True, 'other_CPU_fraction_max': 0.022222222222222223, 'other_CPU_method': 'registered dedicated user cgroup lifetime CPU including reaped/short-lived processes and all observers; proc fallback uses conservative subtree bounds', 'reasons': [], 'samples': 147, 'status': 'STABLE', 'uncertain_intervals': 0}
backend {'ACK_send': 0.0001, 'backend_receive': 2.2749, 'canonical': 0.4389, 'packed_SHA': 0.0354, 'packing': 0.5618, 'replay': 0.0336, 'writer_accept': 0.959}
013_scout_energy_matrix 5.654 1.904 [10445139, 28220235] {'no_additional_repeats': True, 'other_CPU_fraction_max': 0.022727272727272728, 'other_CPU_method': 'registered dedicated user cgroup lifetime CPU including reaped/short-lived processes and all observers; proc fallback uses conservative subtree bounds', 'reasons': [], 'samples': 148, 'status': 'STABLE', 'uncertain_intervals': 0}
backend {'ACK_send': 0.0, 'backend_receive': 2.29, 'canonical': 0.4399, 'packed_SHA': 0.0343, 'packing': 0.5651, 'replay': 0.0337, 'writer_accept': 0.9614}
014_scout_energy_matrix 5.644 1.905 [10445139, 28220235] {'no_additional_repeats': True, 'other_CPU_fraction_max': 0.022222222222222223, 'other_CPU_method': 'registered dedicated user cgroup lifetime CPU including reaped/short-lived processes and all observers; proc fallback uses conservative subtree bounds', 'reasons': [], 'samples': 147, 'status': 'STABLE', 'uncertain_intervals': 0}
backend {'ACK_send': 0.0, 'backend_receive': 2.2553, 'canonical': 0.4402, 'packed_SHA': 0.0346, 'packing': 0.5662, 'replay': 0.0338, 'writer_accept': 0.9903}
015_scout_pressure_matrix 5.035 1.368 [10445143, 22540689] {'no_additional_repeats': True, 'other_CPU_fraction_max': 0.05319148936170213, 'other_CPU_method': 'registered dedicated user cgroup lifetime CPU including reaped/short-lived processes and all observers; proc fallback uses conservative subtree bounds', 'reasons': [], 'samples': 132, 'status': 'STABLE', 'uncertain_intervals': 0}
backend {'ACK_send': 0.0, 'backend_receive': 1.9722, 'canonical': 0.4051, 'packed_SHA': 0.0307, 'packing': 0.4548, 'replay': 0.0492, 'writer_accept': 0.7954}
016_scout_pressure_matrix 5.033 1.374 [10445143, 22540689] {'no_additional_repeats': True, 'other_CPU_fraction_max': 0.05434782608695652, 'other_CPU_method': 'registered dedicated user cgroup lifetime CPU including reaped/short-lived processes and all observers; proc fallback uses conservative subtree bounds', 'reasons': [], 'samples': 130, 'status': 'STABLE', 'uncertain_intervals': 0}
backend {'ACK_send': 0.0, 'backend_receive': 1.9558, 'canonical': 0.4042, 'packed_SHA': 0.03, 'packing': 0.4546, 'replay': 0.0494, 'writer_accept': 0.7951}
017_scout_pressure_matrix 5.052 1.379 [10445143, 22540689] {'no_additional_repeats': True, 'other_CPU_fraction_max': 0.02197802197802198, 'other_CPU_method': 'registered dedicated user cgroup lifetime CPU including reaped/short-lived processes and all observers; proc fallback uses conservative subtree bounds', 'reasons': [], 'samples': 132, 'status': 'STABLE', 'uncertain_intervals': 0}
backend {'ACK_send': 0.0, 'backend_receive': 1.9581, 'canonical': 0.4043, 'packed_SHA': 0.033, 'packing': 0.4672, 'replay': 0.0491, 'writer_accept': 0.8204}
018_scout_OFF 2.405 0.125 [0, 0] {'no_additional_repeats': True, 'other_CPU_fraction_max': 0.02197802197802198, 'other_CPU_method': 'registered dedicated user cgroup lifetime CPU including reaped/short-lived processes and all observers; proc fallback uses conservative subtree bounds', 'reasons': [], 'samples': 63, 'status': 'STABLE', 'uncertain_intervals': 0}
019_scout_OFF 2.426 0.125 [0, 0] {'no_additional_repeats': True, 'other_CPU_fraction_max': 0.022988505747126436, 'other_CPU_method': 'registered dedicated user cgroup lifetime CPU including reaped/short-lived processes and all observers; proc fallback uses conservative subtree bounds', 'reasons': [], 'samples': 64, 'status': 'STABLE', 'uncertain_intervals': 0}
020_scout_OFF 2.367 0.125 [0, 0] {'no_additional_repeats': True, 'other_CPU_fraction_max': 0.022222222222222223, 'other_CPU_method': 'registered dedicated user cgroup lifetime CPU including reaped/short-lived processes and all observers; proc fallback uses conservative subtree bounds', 'reasons': [], 'samples': 62, 'status': 'STABLE', 'uncertain_intervals': 0}
