{
  "PRODUCTION_CFD_EXECUTED": "YES",
  "status": "COMPLETED_NATIVE_ENDTIME",
  "returncode": 0,
  "normal_End_marker": true,
  "final_states": [
    {
      "rank": 0,
      "folder": "1420.00438257155",
      "value": 1420.0043825715495,
      "deltaT": 0.009929812303648828,
      "index": 143203
    },
    {
      "rank": 1,
      "folder": "1420.00438257155",
      "value": 1420.0043825715495,
      "deltaT": 0.009929812303648828,
      "index": 143203
    },
    {
      "rank": 2,
      "folder": "1420.00438257155",
      "value": 1420.0043825715495,
      "deltaT": 0.009929812303648828,
      "index": 143203
    },
    {
      "rank": 3,
      "folder": "1420.00438257155",
      "value": 1420.0043825715495,
      "deltaT": 0.009929812303648828,
      "index": 143203
    },
    {
      "rank": 4,
      "folder": "1420.00438257155",
      "value": 1420.0043825715495,
      "deltaT": 0.009929812303648828,
      "index": 143203
    },
    {
      "rank": 5,
      "folder": "1420.00438257155",
      "value": 1420.0043825715495,
      "deltaT": 0.009929812303648828,
      "index": 143203
    },
    {
      "rank": 6,
      "folder": "1420.00438257155",
      "value": 1420.0043825715495,
      "deltaT": 0.009929812303648828,
      "index": 143203
    },
    {
      "rank": 7,
      "folder": "1420.00438257155",
      "value": 1420.0043825715495,
      "deltaT": 0.009929812303648828,
      "index": 143203
    },
    {
      "rank": 8,
      "folder": "1420.00438257155",
      "value": 1420.0043825715495,
      "deltaT": 0.009929812303648828,
      "index": 143203
    },
    {
      "rank": 9,
      "folder": "1420.00438257155",
      "value": 1420.0043825715495,
      "deltaT": 0.009929812303648828,
      "index": 143203
    },
    {
      "rank": 10,
      "folder": "1420.00438257155",
      "value": 1420.0043825715495,
      "deltaT": 0.009929812303648828,
      "index": 143203
    },
    {
      "rank": 11,
      "folder": "1420.00438257155",
      "value": 1420.0043825715495,
      "deltaT": 0.009929812303648828,
      "index": 143203
    }
  ],
  "saved_snapshot_times_and_indices": [
    {
      "directory": "6.1015625e-05",
      "index": 2,
      "value": 6.1015624999999994e-05
    },
    {
      "directory": "0.000206388125",
      "index": 5,
      "value": 0.00020638812499999996
    },
    {
      "directory": "0.0007199478242",
      "index": 10,
      "value": 0.0007199478241999998
    },
    {
      "directory": "0.00517767498953",
      "index": 20,
      "value": 0.005177674989526768
    },
    {
      "directory": "0.0327787466402",
      "index": 30,
      "value": 0.03277874664020242
    },
    {
      "directory": "0.169134577536",
      "index": 39,
      "value": 0.16913457753608538
    },
    {
      "directory": "0.75146097455",
      "index": 60,
      "value": 0.7514609745502908
    },
    {
      "directory": "1.485572405285",
      "index": 100,
      "value": 1.4855724052851276
    },
    {
      "directory": "2.928096339319",
      "index": 250,
      "value": 2.928096339318585
    },
    {
      "directory": "4.707987914233",
      "index": 500,
      "value": 4.707987914233269
    },
    {
      "directory": "4.996537416827",
      "index": 538,
      "value": 4.996537416827334
    },
    {
      "directory": "10.001477516056",
      "index": 1160,
      "value": 10.00147751605614
    },
    {
      "directory": "15.001312418293",
      "index": 1689,
      "value": 15.00131241829332
    },
    {
      "directory": "19.995521840975",
      "index": 2208,
      "value": 19.995521840974877
    },
    {
      "directory": "25.001073126219",
      "index": 2711,
      "value": 25.001073126218653
    },
    {
      "directory": "29.995979244392",
      "index": 3217,
      "value": 29.995979244392228
    },
    {
      "directory": "35.004090898343",
      "index": 3723,
      "value": 35.00409089834291
    },
    {
      "directory": "40.001262008917",
      "index": 4226,
      "value": 40.001262008916505
    },
    {
      "directory": "44.99685558956",
      "index": 4730,
      "value": 44.99685558955982
    },
    {
      "directory": "50.000685627862",
      "index": 5234,
      "value": 50.00068562786233
    },
    {
      "directory": "54.995180589303",
      "index": 5737,
      "value": 54.99518058930282
    },
    {
      "directory": "59.997778688709",
      "index": 6241,
      "value": 59.99777868870916
    },
    {
      "directory": "65.002735486212",
      "index": 6745,
      "value": 65.00273548621202
    },
    {
      "directory": "69.997111897167",
      "index": 7248,
      "value": 69.99711189716746
    },
    {
      "directory": "75.001400373687",
      "index": 7752,
      "value": 75.00140037368703
    },
    {
      "directory": "79.996232196317",
      "index": 8255,
      "value": 79.99623219631674
    },
    {
      "directory": "85.000723511187",
      "index": 8759,
      "value": 85.00072351118664
    },
    {
      "directory": "89.995393677354",
      "index": 9262,
      "value": 89.9953936773542
    },
    {
      "directory": "95.000046445501",
      "index": 9766,
      "value": 95.00004644550071
    },
    {
      "directory": "100.004634609203",
      "index": 10270,
      "value": 100.00463460920271
    },
    {
      "directory": "104.99933826939",
      "index": 10773,
      "value": 104.99933826938998
    },
    {
      "directory": "110.003965708395",
      "index": 11277,
      "value": 110.00396570839523
    },
    {
      "directory": "114.998654198201",
      "index": 11780,
      "value": 114.99865419820102
    },
    {
      "directory": "120.003284236891",
      "index": 12284,
      "value": 120.00328423689122
    },
    {
      "directory": "124.997979071297",
      "index": 12787,
      "value": 124.99797907129738
    },
    {
      "directory": "130.002603983672",
      "index": 13291,
      "value": 130.00260398367206
    },
    {
      "directory": "134.997301039759",
      "index": 13794,
      "value": 134.997301039759
    },
    {
      "directory": "140.001926130721",
      "index": 14298,
      "value": 140.00192613072133
    },
    {
      "directory": "144.996622037135",
      "index": 14801,
      "value": 144.99662203713507
    },
    {
      "directory": "150.001247820018",
      "index": 15305,
      "value": 150.00124782001845
    },
    {
      "directory": "154.995943393611",
      "index": 15808,
      "value": 154.9959433936105
    },
    {
      "directory": "160.000568999184",
      "index": 16312,
      "value": 160.00056899918366
    },
    {
      "directory": "164.995264691572",
      "index": 16815,
      "value": 164.9952646915717
    },
    {
      "directory": "169.99989013545",
      "index": 17319,
      "value": 169.9998901354499
    },
    {
      "directory": "175.004515623022",
      "index": 17823,
      "value": 175.00451562302194
    },
    {
      "directory": "179.999211248103",
      "index": 18326,
      "value": 179.99921124810257
    },
    {
      "directory": "185.003836681345",
      "index": 18830,
      "value": 185.0038366813446
    },
    {
      "directory": "189.998532303197",
      "index": 19333,
      "value": 189.9985323031972
    },
    {
      "directory": "195.003157720812",
      "index": 19837,
      "value": 195.00315772081163
    },
    {
      "directory": "199.997853326106",
      "index": 20340,
      "value": 199.99785332610574
    },
    {
      "directory": "205.002478740085",
      "index": 20844,
      "value": 205.00247874008542
    },
    {
      "directory": "209.997174336939",
      "index": 21347,
      "value": 209.99717433693874
    },
    {
      "directory": "215.001799745611",
      "index": 21851,
      "value": 215.00179974561053
    },
    {
      "directory": "219.996495339776",
      "index": 22354,
      "value": 219.99649533977623
    },
    {
      "directory": "225.001120744883",
      "index": 22858,
      "value": 225.0011207448828
    },
    {
      "directory": "229.995816338053",
      "index": 23361,
      "value": 229.9958163380526
    },
    {
      "directory": "235.000441743918",
      "index": 23865,
      "value": 235.00044174391823
    },
    {
      "directory": "239.995137335528",
      "index": 24368,
      "value": 239.99513733552823
    },
    {
      "directory": "244.999762740265",
      "index": 24872,
      "value": 244.99976274026503
    },
    {
      "directory": "250.004388144691",
      "index": 25376,
      "value": 250.004388144691
    },
    {
      "directory": "254.999083735571",
      "index": 25879,
      "value": 254.99908373557142
    },
    {
      "directory": "260.003709140171",
      "index": 26383,
      "value": 260.0037091401706
    },
    {
      "directory": "264.998404730731",
      "index": 26886,
      "value": 264.99840473073124
    },
    {
      "directory": "270.003030134401",
      "index": 27390,
      "value": 270.00303013440083
    },
    {
      "directory": "274.997725725542",
      "index": 27893,
      "value": 274.99772572554247
    },
    {
      "directory": "280.002351128173",
      "index": 28397,
      "value": 280.0023511281733
    },
    {
      "directory": "284.997046719598",
      "index": 28900,
      "value": 284.9970467195977
    },
    {
      "directory": "290.001672121764",
      "index": 29404,
      "value": 290.00167212176376
    },
    {
      "directory": "294.996367712945",
      "index": 29907,
      "value": 294.9963677129449
    },
    {
      "directory": "300.000993115144",
      "index": 30411,
      "value": 300.00099311514407
    },
    {
      "directory": "304.995688705856",
      "index": 30914,
      "value": 304.9956887058563
    },
    {
      "directory": "310.000314108263",
      "index": 31418,
      "value": 310.0003141082631
    },
    {
      "directory": "315.004939510663",
      "index": 31922,
      "value": 315.00493951066306
    },
    {
      "directory": "319.999635101158",
      "index": 32425,
      "value": 319.9996351011576
    },
    {
      "directory": "325.004260502946",
      "index": 32929,
      "value": 325.0042605029462
    },
    {
      "directory": "329.998956093616",
      "index": 33432,
      "value": 329.9989560936159
    },
    {
      "directory": "335.003581495189",
      "index": 33936,
      "value": 335.003581495189
    },
    {
      "directory": "339.998277085675",
      "index": 34439,
      "value": 339.99827708567454
    },
    {
      "directory": "345.00290248735",
      "index": 34943,
      "value": 345.00290248735047
    },
    {
      "directory": "349.997598077451",
      "index": 35446,
      "value": 349.99759807745056
    },
    {
      "directory": "355.002223479408",
      "index": 35950,
      "value": 355.0022234794077
    },
    {
      "directory": "359.996919068982",
      "index": 36453,
      "value": 359.9969190689815
    },
    {
      "directory": "365.001544471335",
      "index": 36957,
      "value": 365.001544471335
    },
    {
      "directory": "369.996240060424",
      "index": 37460,
      "value": 369.996240060424
    },
    {
      "directory": "375.000865462995",
      "index": 37964,
      "value": 375.0008654629953
    },
    {
      "directory": "379.995561051893",
      "index": 38467,
      "value": 379.9955610518927
    },
    {
      "directory": "385.000186454374",
      "index": 38971,
      "value": 385.000186454374
    },
    {
      "directory": "390.004811855673",
      "index": 39475,
      "value": 390.00481185567264
    },
    {
      "directory": "394.999507445552",
      "index": 39978,
      "value": 394.9995074455521
    },
    {
      "directory": "400.00413284712",
      "index": 40482,
      "value": 400.0041328471198
    },
    {
      "directory": "404.998828436553",
      "index": 40985,
      "value": 404.9988284365529
    },
    {
      "directory": "410.003453838541",
      "index": 41489,
      "value": 410.0034538385409
    },
    {
      "directory": "414.998149427482",
      "index": 41992,
      "value": 414.99814942748156
    },
    {
      "directory": "420.002774829788",
      "index": 42496,
      "value": 420.0027748297877
    },
    {
      "directory": "424.997470418477",
      "index": 42999,
      "value": 424.99747041847655
    },
    {
      "directory": "430.002095820805",
      "index": 43503,
      "value": 430.00209582080527
    },
    {
      "directory": "434.99679140954",
      "index": 44006,
      "value": 434.9967914095395
    },
    {
      "directory": "440.001416811661",
      "index": 44510,
      "value": 440.0014168116614
    },
    {
      "directory": "444.996112400635",
      "index": 45013,
      "value": 444.9961124006347
    },
    {
      "directory": "450.000737802378",
      "index": 45517,
      "value": 450.00073780237784
    },
    {
      "directory": "454.995433391754",
      "index": 46020,
      "value": 454.99543339175375
    },
    {
      "directory": "460.000058793007",
      "index": 46524,
      "value": 460.00005879300664
    },
    {
      "directory": "465.004684195109",
      "index": 47028,
      "value": 465.0046841951089
    },
    {
      "directory": "469.999379783712",
      "index": 47531,
      "value": 469.9993797837116
    },
    {
      "directory": "475.00400518595",
      "index": 48035,
      "value": 475.00400518594995
    },
    {
      "directory": "479.998700774525",
      "index": 48538,
      "value": 479.9987007745251
    },
    {
      "directory": "485.003326176645",
      "index": 49042,
      "value": 485.00332617664503
    },
    {
      "directory": "489.998021765406",
      "index": 49545,
      "value": 489.99802176540567
    },
    {
      "directory": "495.002647167213",
      "index": 50049,
      "value": 495.0026471672126
    },
    {
      "directory": "499.997342756336",
      "index": 50552,
      "value": 499.9973427563363
    },
    {
      "directory": "505.001968157691",
      "index": 51056,
      "value": 505.0019681576908
    },
    {
      "directory": "509.996663747275",
      "index": 51559,
      "value": 509.9966637472748
    },
    {
      "directory": "515.001289148204",
      "index": 52063,
      "value": 515.0012891482037
    },
    {
      "directory": "519.995984738053",
      "index": 52566,
      "value": 519.9959847380528
    },
    {
      "directory": "525.000610138851",
      "index": 53070,
      "value": 525.0006101388506
    },
    {
      "directory": "529.995305728668",
      "index": 53573,
      "value": 529.9953057286683
    },
    {
      "directory": "534.9999311296",
      "index": 54077,
      "value": 534.9999311296002
    },
    {
      "directory": "540.004556531469",
      "index": 54581,
      "value": 540.0045565314687
    },
    {
      "directory": "544.999252120416",
      "index": 55084,
      "value": 544.9992521204165
    },
    {
      "directory": "550.003877521876",
      "index": 55588,
      "value": 550.0038775218758
    },
    {
      "directory": "554.998573111274",
      "index": 56091,
      "value": 554.9985731112739
    },
    {
      "directory": "560.003198512264",
      "index": 56595,
      "value": 560.0031985122645
    },
    {
      "directory": "564.997894102031",
      "index": 57098,
      "value": 564.997894102031
    },
    {
      "directory": "570.002519502799",
      "index": 57602,
      "value": 570.0025195027989
    },
    {
      "directory": "574.997215092612",
      "index": 58105,
      "value": 574.9972150926116
    },
    {
      "directory": "580.001840493465",
      "index": 58609,
      "value": 580.0018404934651
    },
    {
      "directory": "584.996536083072",
      "index": 59112,
      "value": 584.9965360830723
    },
    {
      "directory": "590.001161484214",
      "index": 59616,
      "value": 590.001161484214
    },
    {
      "directory": "594.995857073449",
      "index": 60119,
      "value": 594.9958570734492
    },
    {
      "directory": "600.000482475024",
      "index": 60623,
      "value": 600.0004824750235
    },
    {
      "directory": "604.995178063781",
      "index": 61126,
      "value": 604.9951780637812
    },
    {
      "directory": "609.999803465775",
      "index": 61630,
      "value": 609.9998034657751
    },
    {
      "directory": "615.004428866541",
      "index": 62134,
      "value": 615.004428866541
    },
    {
      "directory": "619.999124456351",
      "index": 62637,
      "value": 619.9991244563514
    },
    {
      "directory": "625.003749857148",
      "index": 63141,
      "value": 625.0037498571479
    },
    {
      "directory": "629.998445446798",
      "index": 63644,
      "value": 629.9984454467976
    },
    {
      "directory": "635.003070847847",
      "index": 64148,
      "value": 635.0030708478467
    },
    {
      "directory": "639.997766437159",
      "index": 64651,
      "value": 639.9977664371588
    },
    {
      "directory": "645.002391838615",
      "index": 65155,
      "value": 645.0023918386152
    },
    {
      "directory": "649.997087427463",
      "index": 65658,
      "value": 649.9970874274626
    },
    {
      "directory": "655.001712829373",
      "index": 66162,
      "value": 655.0017128293734
    },
    {
      "directory": "659.996408417862",
      "index": 66665,
      "value": 659.9964084178615
    },
    {
      "directory": "665.001033819966",
      "index": 67169,
      "value": 665.0010338199658
    },
    {
      "directory": "669.99572940842",
      "index": 67672,
      "value": 669.9957294084201
    },
    {
      "directory": "675.000354810416",
      "index": 68176,
      "value": 675.0003548104162
    },
    {
      "directory": "679.995050399082",
      "index": 68679,
      "value": 679.9950503990816
    },
    {
      "directory": "684.999675800777",
      "index": 69183,
      "value": 684.9996758007771
    },
    {
      "directory": "690.004301202126",
      "index": 69687,
      "value": 690.0043012021265
    },
    {
      "directory": "694.99899679107",
      "index": 70190,
      "value": 694.9989967910695
    },
    {
      "directory": "700.003622192886",
      "index": 70694,
      "value": 700.003622192886
    },
    {
      "directory": "704.998317781419",
      "index": 71197,
      "value": 704.9983177814188
    },
    {
      "directory": "710.002943183504",
      "index": 71701,
      "value": 710.0029431835044
    },
    {
      "directory": "714.997638771935",
      "index": 72204,
      "value": 714.9976387719354
    },
    {
      "directory": "720.00226417397",
      "index": 72708,
      "value": 720.00226417397
    },
    {
      "directory": "724.996959762571",
      "index": 73211,
      "value": 724.9969597625714
    },
    {
      "directory": "730.001585164347",
      "index": 73715,
      "value": 730.001585164347
    },
    {
      "directory": "734.996280753266",
      "index": 74218,
      "value": 734.9962807532662
    },
    {
      "directory": "740.000906154658",
      "index": 74722,
      "value": 740.0009061546575
    },
    {
      "directory": "744.99560174401",
      "index": 75225,
      "value": 744.9956017440104
    },
    {
      "directory": "750.000227144966",
      "index": 75729,
      "value": 750.0002271449657
    },
    {
      "directory": "755.004852546987",
      "index": 76233,
      "value": 755.004852546987
    },
    {
      "directory": "759.999548135414",
      "index": 76736,
      "value": 759.9995481354142
    },
    {
      "directory": "765.004173537507",
      "index": 77240,
      "value": 765.0041735375074
    },
    {
      "directory": "769.99886912599",
      "index": 77743,
      "value": 769.9988691259898
    },
    {
      "directory": "775.003494527925",
      "index": 78247,
      "value": 775.0034945279245
    },
    {
      "directory": "779.998190116649",
      "index": 78750,
      "value": 779.9981901166494
    },
    {
      "directory": "785.002815518268",
      "index": 79254,
      "value": 785.0028155182684
    },
    {
      "directory": "789.997511107371",
      "index": 79757,
      "value": 789.9975111073713
    },
    {
      "directory": "795.002136508559",
      "index": 80261,
      "value": 795.0021365085591
    },
    {
      "directory": "799.996832098102",
      "index": 80764,
      "value": 799.9968320981017
    },
    {
      "directory": "805.001457498917",
      "index": 81268,
      "value": 805.001457498917
    },
    {
      "directory": "809.996153088699",
      "index": 81771,
      "value": 809.9961530886986
    },
    {
      "directory": "815.000778489424",
      "index": 82275,
      "value": 815.0007784894244
    },
    {
      "directory": "819.995474079165",
      "index": 82778,
      "value": 819.9954740791646
    },
    {
      "directory": "825.000099480037",
      "index": 83282,
      "value": 825.000099480037
    },
    {
      "directory": "830.004724881845",
      "index": 83786,
      "value": 830.0047248818454
    },
    {
      "directory": "834.999420470722",
      "index": 84289,
      "value": 834.9994204707225
    },
    {
      "directory": "840.00404587216",
      "index": 84793,
      "value": 840.0040458721601
    },
    {
      "directory": "844.998741461464",
      "index": 85296,
      "value": 844.9987414614636
    },
    {
      "directory": "850.003366862461",
      "index": 85800,
      "value": 850.0033668624608
    },
    {
      "directory": "854.998062452148",
      "index": 86303,
      "value": 854.9980624521477
    },
    {
      "directory": "860.002687852888",
      "index": 86807,
      "value": 860.0026878528879
    },
    {
      "directory": "864.997383442682",
      "index": 87310,
      "value": 864.9973834426818
    },
    {
      "directory": "870.00200884345",
      "index": 87814,
      "value": 870.0020088434497
    },
    {
      "directory": "874.996704433104",
      "index": 88317,
      "value": 874.9967044331045
    },
    {
      "directory": "880.001329834097",
      "index": 88821,
      "value": 880.0013298340969
    },
    {
      "directory": "884.996025423454",
      "index": 89324,
      "value": 884.9960254234542
    },
    {
      "directory": "890.00065082481",
      "index": 89828,
      "value": 890.0006508248099
    },
    {
      "directory": "894.995346413747",
      "index": 90331,
      "value": 894.9953464137467
    },
    {
      "directory": "899.999971815545",
      "index": 90835,
      "value": 899.9999718155448
    },
    {
      "directory": "905.004597216387",
      "index": 91339,
      "value": 905.0045972163865
    },
    {
      "directory": "909.999292806154",
      "index": 91842,
      "value": 909.9992928061542
    },
    {
      "directory": "915.003918206875",
      "index": 92346,
      "value": 915.0039182068748
    },
    {
      "directory": "919.998613796628",
      "index": 92849,
      "value": 919.9986137966281
    },
    {
      "directory": "925.003239197474",
      "index": 93353,
      "value": 925.0032391974743
    },
    {
      "directory": "929.997934787012",
      "index": 93856,
      "value": 929.9979347870119
    },
    {
      "directory": "935.00256018815",
      "index": 94360,
      "value": 935.0025601881498
    },
    {
      "directory": "939.997255777331",
      "index": 94863,
      "value": 939.997255777331
    },
    {
      "directory": "945.001881178882",
      "index": 95367,
      "value": 945.0018811788821
    },
    {
      "directory": "949.996576767619",
      "index": 95870,
      "value": 949.9965767676193
    },
    {
      "directory": "955.001202169576",
      "index": 96374,
      "value": 955.0012021695758
    },
    {
      "directory": "959.995897758024",
      "index": 96877,
      "value": 959.995897758024
    },
    {
      "directory": "965.000523160123",
      "index": 97381,
      "value": 965.0005231601226
    },
    {
      "directory": "969.995218748571",
      "index": 97884,
      "value": 969.9952187485711
    },
    {
      "directory": "974.999844150557",
      "index": 98388,
      "value": 974.9998441505569
    },
    {
      "directory": "980.004469551519",
      "index": 98892,
      "value": 980.0044695515193
    },
    {
      "directory": "984.999165140894",
      "index": 99395,
      "value": 984.9991651408938
    },
    {
      "directory": "990.00379054224",
      "index": 99899,
      "value": 990.0037905422403
    },
    {
      "directory": "994.99848613117",
      "index": 100402,
      "value": 994.99848613117
    },
    {
      "directory": "1000.003111532986",
      "index": 100906,
      "value": 1000.0031115329862
    },
    {
      "directory": "1004.99780712151",
      "index": 101409,
      "value": 1004.9978071215097
    },
    {
      "directory": "1010.002432523586",
      "index": 101913,
      "value": 1010.0024325235861
    },
    {
      "directory": "1014.997128112005",
      "index": 102416,
      "value": 1014.9971281120047
    },
    {
      "directory": "1020.001753514058",
      "index": 102920,
      "value": 1020.0017535140577
    },
    {
      "directory": "1024.996449102608",
      "index": 103423,
      "value": 1024.996449102608
    },
    {
      "directory": "1030.00107450444",
      "index": 103927,
      "value": 1030.00107450444
    },
    {
      "directory": "1034.995770093289",
      "index": 104430,
      "value": 1034.9957700932891
    },
    {
      "directory": "1040.000395494758",
      "index": 104934,
      "value": 1040.0003954947579
    },
    {
      "directory": "1044.995091084028",
      "index": 105437,
      "value": 1044.9950910840278
    },
    {
      "directory": "1049.99971648505",
      "index": 105941,
      "value": 1049.9997164850504
    },
    {
      "directory": "1055.004341887024",
      "index": 106445,
      "value": 1055.0043418870243
    },
    {
      "directory": "1059.999037475466",
      "index": 106948,
      "value": 1059.9990374754661
    },
    {
      "directory": "1065.003662877564",
      "index": 107452,
      "value": 1065.0036628775638
    },
    {
      "directory": "1069.998358466016",
      "index": 107955,
      "value": 1069.9983584660163
    },
    {
      "directory": "1075.002983867992",
      "index": 108459,
      "value": 1075.0029838679916
    },
    {
      "directory": "1079.997679456659",
      "index": 108962,
      "value": 1079.997679456659
    },
    {
      "directory": "1085.002304858343",
      "index": 109466,
      "value": 1085.0023048583435
    },
    {
      "directory": "1089.997000447366",
      "index": 109969,
      "value": 1089.9970004473657
    },
    {
      "directory": "1095.001625848639",
      "index": 110473,
      "value": 1095.0016258486387
    },
    {
      "directory": "1099.996321438107",
      "index": 110976,
      "value": 1099.9963214381066
    },
    {
      "directory": "1105.00094683897",
      "index": 111480,
      "value": 1105.0009468389696
    },
    {
      "directory": "1109.99564242873",
      "index": 111983,
      "value": 1109.99564242873
    },
    {
      "directory": "1115.000267829447",
      "index": 112487,
      "value": 1115.0002678294472
    },
    {
      "directory": "1120.004893231513",
      "index": 112991,
      "value": 1120.0048932315133
    },
    {
      "directory": "1124.999588820038",
      "index": 113494,
      "value": 1124.9995888200378
    },
    {
      "directory": "1130.004214221896",
      "index": 113998,
      "value": 1130.0042142218958
    },
    {
      "directory": "1134.998909810726",
      "index": 114501,
      "value": 1134.998909810726
    },
    {
      "directory": "1140.003535212202",
      "index": 115005,
      "value": 1140.0035352122015
    },
    {
      "directory": "1144.998230801477",
      "index": 115508,
      "value": 1144.9982308014767
    },
    {
      "directory": "1150.002856202481",
      "index": 116012,
      "value": 1150.002856202481
    },
    {
      "directory": "1154.997551792163",
      "index": 116515,
      "value": 1154.9975517921634
    },
    {
      "directory": "1160.002177192905",
      "index": 117019,
      "value": 1160.0021771929053
    },
    {
      "directory": "1164.996872782697",
      "index": 117522,
      "value": 1164.9968727826965
    },
    {
      "directory": "1170.001498183459",
      "index": 118026,
      "value": 1170.0014981834593
    },
    {
      "directory": "1174.99619377312",
      "index": 118529,
      "value": 1174.9961937731198
    },
    {
      "directory": "1180.000819174103",
      "index": 119033,
      "value": 1180.000819174103
    },
    {
      "directory": "1184.995514763467",
      "index": 119536,
      "value": 1184.9955147634673
    },
    {
      "directory": "1190.000140164812",
      "index": 120040,
      "value": 1190.0001401648117
    },
    {
      "directory": "1195.004765566062",
      "index": 120544,
      "value": 1195.0047655660617
    },
    {
      "directory": "1199.999461155549",
      "index": 121047,
      "value": 1199.9994611555494
    },
    {
      "directory": "1205.004086556397",
      "index": 121551,
      "value": 1205.0040865563967
    },
    {
      "directory": "1209.998782146163",
      "index": 122054,
      "value": 1209.9987821461632
    },
    {
      "directory": "1215.003407546882",
      "index": 122558,
      "value": 1215.0034075468823
    },
    {
      "directory": "1219.998103136639",
      "index": 123061,
      "value": 1219.9981031366394
    },
    {
      "directory": "1225.00272853748",
      "index": 123565,
      "value": 1225.00272853748
    },
    {
      "directory": "1229.997424127026",
      "index": 124068,
      "value": 1229.9974241270256
    },
    {
      "directory": "1235.002049528154",
      "index": 124572,
      "value": 1235.0020495281544
    },
    {
      "directory": "1239.996745117346",
      "index": 125075,
      "value": 1239.9967451173463
    },
    {
      "directory": "1245.001370518889",
      "index": 125579,
      "value": 1245.001370518889
    },
    {
      "directory": "1249.996066107635",
      "index": 126082,
      "value": 1249.9960661076348
    },
    {
      "directory": "1255.000691509586",
      "index": 126586,
      "value": 1255.0006915095864
    },
    {
      "directory": "1259.995387098036",
      "index": 127089,
      "value": 1259.9953870980362
    },
    {
      "directory": "1265.000012500137",
      "index": 127593,
      "value": 1265.000012500137
    },
    {
      "directory": "1270.004637900887",
      "index": 128097,
      "value": 1270.0046379008875
    },
    {
      "directory": "1274.999333490575",
      "index": 128600,
      "value": 1274.9993334905748
    },
    {
      "directory": "1280.003958891529",
      "index": 129104,
      "value": 1280.003958891529
    },
    {
      "directory": "1284.998654480934",
      "index": 129607,
      "value": 1284.9986544809335
    },
    {
      "directory": "1290.003279882234",
      "index": 130111,
      "value": 1290.0032798822342
    },
    {
      "directory": "1294.997975471234",
      "index": 130614,
      "value": 1294.9979754712335
    },
    {
      "directory": "1300.002600872978",
      "index": 131118,
      "value": 1300.0026008729778
    },
    {
      "directory": "1304.997296461558",
      "index": 131621,
      "value": 1304.997296461558
    },
    {
      "directory": "1310.001921863613",
      "index": 132125,
      "value": 1310.0019218636126
    },
    {
      "directory": "1314.996617452027",
      "index": 132628,
      "value": 1314.996617452027
    },
    {
      "directory": "1320.001242854102",
      "index": 133132,
      "value": 1320.0012428541017
    },
    {
      "directory": "1324.995938442613",
      "index": 133635,
      "value": 1324.995938442613
    },
    {
      "directory": "1330.000563844497",
      "index": 134139,
      "value": 1330.0005638444966
    },
    {
      "directory": "1334.995259433279",
      "index": 134642,
      "value": 1334.9952594332792
    },
    {
      "directory": "1339.999884834823",
      "index": 135146,
      "value": 1339.9998848348225
    },
    {
      "directory": "1345.004510236313",
      "index": 135650,
      "value": 1345.004510236313
    },
    {
      "directory": "1349.999205825107",
      "index": 136153,
      "value": 1349.999205825107
    },
    {
      "directory": "1355.003831227022",
      "index": 136657,
      "value": 1355.0038312270221
    },
    {
      "directory": "1359.998526815489",
      "index": 137160,
      "value": 1359.9985268154885
    },
    {
      "directory": "1365.003152217585",
      "index": 137664,
      "value": 1365.0031522175855
    },
    {
      "directory": "1369.997847806017",
      "index": 138167,
      "value": 1369.9978478060173
    },
    {
      "directory": "1375.002473208029",
      "index": 138671,
      "value": 1375.0024732080285
    },
    {
      "directory": "1379.997168796644",
      "index": 139174,
      "value": 1379.997168796644
    },
    {
      "directory": "1385.001794198394",
      "index": 139678,
      "value": 1385.0017941983938
    },
    {
      "directory": "1389.99648978734",
      "index": 140181,
      "value": 1389.99648978734
    },
    {
      "directory": "1395.001115188695",
      "index": 140685,
      "value": 1395.0011151886954
    },
    {
      "directory": "1399.995810778084",
      "index": 141188,
      "value": 1399.9958107780838
    },
    {
      "directory": "1405.000436179008",
      "index": 141692,
      "value": 1405.000436179008
    },
    {
      "directory": "1409.995131768738",
      "index": 142195,
      "value": 1409.995131768738
    },
    {
      "directory": "1414.999757169462",
      "index": 142699,
      "value": 1414.9997571694619
    },
    {
      "directory": "1420.00438257155",
      "index": 143203,
      "value": 1420.0043825715495
    }
  ],
  "startup_write_request_review": "Compare requested targets with actual saved uniform/time indices; signal observation is asynchronous.",
  "end_UTC": "2026-10-06T09:12:10.247224+00:00",
  "elapsed_wall_s": 8400.79742391,
  "last_started_step": 143203,
  "completed_steps": 143203,
  "startup_write_requests": [
    {
      "requested_after_Time_header_step": 1,
      "target_next_step": 2,
      "master_pid": 463394,
      "wall_elapsed": 0.4558905720477924
    },
    {
      "requested_after_Time_header_step": 4,
      "target_next_step": 5,
      "master_pid": 463394,
      "wall_elapsed": 0.853024314972572
    },
    {
      "requested_after_Time_header_step": 9,
      "target_next_step": 10,
      "master_pid": 463394,
      "wall_elapsed": 1.3147259800462052
    },
    {
      "requested_after_Time_header_step": 19,
      "target_next_step": 20,
      "master_pid": 463394,
      "wall_elapsed": 2.2419388949638233
    },
    {
      "requested_after_Time_header_step": 29,
      "target_next_step": 30,
      "master_pid": 463394,
      "wall_elapsed": 3.244397255941294
    },
    {
      "requested_after_Time_header_step": 38,
      "target_next_step": 39,
      "master_pid": 463394,
      "wall_elapsed": 4.292514881934039
    },
    {
      "requested_after_Time_header_step": 59,
      "target_next_step": 60,
      "master_pid": 463394,
      "wall_elapsed": 7.273375042015687
    },
    {
      "requested_after_Time_header_step": 99,
      "target_next_step": 100,
      "master_pid": 463394,
      "wall_elapsed": 12.525842746021226
    },
    {
      "requested_after_Time_header_step": 249,
      "target_next_step": 250,
      "master_pid": 463394,
      "wall_elapsed": 30.77750622900203
    },
    {
      "requested_after_Time_header_step": 499,
      "target_next_step": 500,
      "master_pid": 463394,
      "wall_elapsed": 60.176492030965164
    }
  ]
}
