	linux-vdso.so.1 (0x0000703c6b521000)
	librouteAU04Observer.so => /home/mirai/OpenFOAM/mirai-13/run/deVahlDavisBenchmark/results/routeA/diagnostic_transient/diagnostic_attempt_001/preparation/u04_verification/final/build/librouteAU04Observer.so (0x0000703c6b4b0000)
	libfiniteVolume.so => /opt/openfoam13/platforms/linux64GccDPInt32Opt/lib/libfiniteVolume.so (0x0000703c69400000)
	libOpenFOAM.so => /opt/openfoam13/platforms/linux64GccDPInt32Opt/lib/libOpenFOAM.so (0x0000703c68800000)
	libstdc++.so.6 => /usr/lib/x86_64-linux-gnu/libstdc++.so.6 (0x0000703c68400000)
	libgcc_s.so.1 => /usr/lib/x86_64-linux-gnu/libgcc_s.so.1 (0x0000703c6b480000)
	libc.so.6 => /usr/lib/x86_64-linux-gnu/libc.so.6 (0x0000703c68000000)
	libcrypto.so.3 => /usr/lib/x86_64-linux-gnu/libcrypto.so.3 (0x0000703c67a00000)
	libPstream.so => /opt/openfoam13/platforms/linux64GccDPInt32Opt/lib/openmpi-system/libPstream.so (0x0000703c6b470000)
	libtriSurface.so => /opt/openfoam13/platforms/linux64GccDPInt32Opt/lib/libtriSurface.so (0x0000703c68764000)
	libmeshTools.so => /opt/openfoam13/platforms/linux64GccDPInt32Opt/lib/libmeshTools.so (0x0000703c67400000)
	libm.so.6 => /usr/lib/x86_64-linux-gnu/libm.so.6 (0x0000703c68317000)
	libz.so.1 => /usr/lib/x86_64-linux-gnu/libz.so.1 (0x0000703c6b452000)
	/lib64/ld-linux-x86-64.so.2 (0x0000703c6b523000)
	libmpi.so.40 => /usr/lib/x86_64-linux-gnu/libmpi.so.40 (0x0000703c672ce000)
	libfileFormats.so => /opt/openfoam13/platforms/linux64GccDPInt32Opt/lib/libfileFormats.so (0x0000703c693d0000)
	libsurfMesh.so => /opt/openfoam13/platforms/linux64GccDPInt32Opt/lib/libsurfMesh.so (0x0000703c671c9000)
	libopen-rte.so.40 => /usr/lib/x86_64-linux-gnu/libopen-rte.so.40 (0x0000703c686a8000)
	libopen-pal.so.40 => /usr/lib/x86_64-linux-gnu/libopen-pal.so.40 (0x0000703c68263000)
	libhwloc.so.15 => /usr/lib/x86_64-linux-gnu/libhwloc.so.15 (0x0000703c67f9f000)
	libevent_core-2.1.so.7 => /usr/lib/x86_64-linux-gnu/libevent_core-2.1.so.7 (0x0000703c6939b000)
	libevent_pthreads-2.1.so.7 => /usr/lib/x86_64-linux-gnu/libevent_pthreads-2.1.so.7 (0x0000703c6b449000)
	libudev.so.1 => /usr/lib/x86_64-linux-gnu/libudev.so.1 (0x0000703c68230000)
	libcap.so.2 => /usr/lib/x86_64-linux-gnu/libcap.so.2 (0x0000703c6938e000)
