	linux-vdso.so.1 (0x0000781ab956b000)
	librouteAU04Observer.so => /home/mirai/OpenFOAM/mirai-13/run/deVahlDavisBenchmark/results/routeA/diagnostic_transient/diagnostic_attempt_001/preparation/u04_verification/final/build/librouteAU04Observer.so (0x0000781ab9479000)
	libfluidThermophysicalTransportModel.so => /opt/openfoam13/platforms/linux64GccDPInt32Opt/lib/libfluidThermophysicalTransportModel.so (0x0000781ab93f0000)
	libfiniteVolume.so => /opt/openfoam13/platforms/linux64GccDPInt32Opt/lib/libfiniteVolume.so (0x0000781ab7200000)
	libOpenFOAM.so => /opt/openfoam13/platforms/linux64GccDPInt32Opt/lib/libOpenFOAM.so (0x0000781ab6600000)
	libPstream.so => /opt/openfoam13/platforms/linux64GccDPInt32Opt/lib/openmpi-system/libPstream.so (0x0000781ab93de000)
	libstdc++.so.6 => /usr/lib/x86_64-linux-gnu/libstdc++.so.6 (0x0000781ab6200000)
	libgcc_s.so.1 => /usr/lib/x86_64-linux-gnu/libgcc_s.so.1 (0x0000781ab93b0000)
	libc.so.6 => /usr/lib/x86_64-linux-gnu/libc.so.6 (0x0000781ab5e00000)
	libcrypto.so.3 => /usr/lib/x86_64-linux-gnu/libcrypto.so.3 (0x0000781ab5800000)
	libthermophysicalTransportModel.so => /opt/openfoam13/platforms/linux64GccDPInt32Opt/lib/libthermophysicalTransportModel.so (0x0000781ab93a7000)
	libfluidThermophysicalModels.so => /opt/openfoam13/platforms/linux64GccDPInt32Opt/lib/libfluidThermophysicalModels.so (0x0000781ab4a00000)
	libsolidThermo.so => /opt/openfoam13/platforms/linux64GccDPInt32Opt/lib/libsolidThermo.so (0x0000781ab4400000)
	libmomentumTransportModels.so => /opt/openfoam13/platforms/linux64GccDPInt32Opt/lib/libmomentumTransportModels.so (0x0000781ab4000000)
	libspecie.so => /opt/openfoam13/platforms/linux64GccDPInt32Opt/lib/libspecie.so (0x0000781ab9352000)
	libmeshTools.so => /opt/openfoam13/platforms/linux64GccDPInt32Opt/lib/libmeshTools.so (0x0000781ab3a00000)
	libm.so.6 => /usr/lib/x86_64-linux-gnu/libm.so.6 (0x0000781ab9269000)
	libtriSurface.so => /opt/openfoam13/platforms/linux64GccDPInt32Opt/lib/libtriSurface.so (0x0000781ab6564000)
	libz.so.1 => /usr/lib/x86_64-linux-gnu/libz.so.1 (0x0000781ab924b000)
	libmpi.so.40 => /usr/lib/x86_64-linux-gnu/libmpi.so.40 (0x0000781ab60ce000)
	/lib64/ld-linux-x86-64.so.2 (0x0000781ab956d000)
	libphysicalProperties.so => /opt/openfoam13/platforms/linux64GccDPInt32Opt/lib/libphysicalProperties.so (0x0000781ab71c4000)
	libthermophysicalProperties.so => /opt/openfoam13/platforms/linux64GccDPInt32Opt/lib/libthermophysicalProperties.so (0x0000781ab56d2000)
	libmulticomponentThermophysicalModels.so => /opt/openfoam13/platforms/linux64GccDPInt32Opt/lib/libmulticomponentThermophysicalModels.so (0x0000781ab0600000)
	libfileFormats.so => /opt/openfoam13/platforms/linux64GccDPInt32Opt/lib/libfileFormats.so (0x0000781ab7194000)
	libsurfMesh.so => /opt/openfoam13/platforms/linux64GccDPInt32Opt/lib/libsurfMesh.so (0x0000781ab48fb000)
	libopen-rte.so.40 => /usr/lib/x86_64-linux-gnu/libopen-rte.so.40 (0x0000781ab64a8000)
	libopen-pal.so.40 => /usr/lib/x86_64-linux-gnu/libopen-pal.so.40 (0x0000781ab601a000)
	libhwloc.so.15 => /usr/lib/x86_64-linux-gnu/libhwloc.so.15 (0x0000781ab5d9f000)
	libevent_core-2.1.so.7 => /usr/lib/x86_64-linux-gnu/libevent_core-2.1.so.7 (0x0000781ab5d6a000)
	libevent_pthreads-2.1.so.7 => /usr/lib/x86_64-linux-gnu/libevent_pthreads-2.1.so.7 (0x0000781ab718f000)
	libudev.so.1 => /usr/lib/x86_64-linux-gnu/libudev.so.1 (0x0000781ab5d37000)
	libcap.so.2 => /usr/lib/x86_64-linux-gnu/libcap.so.2 (0x0000781ab7182000)
