	linux-vdso.so.1 (0x00007bd45b17c000)
	librouteAU04Observer.so => /home/mirai/OpenFOAM/mirai-13/run/deVahlDavisBenchmark/results/routeA/diagnostic_transient/diagnostic_attempt_001/preparation/u04_verification/final/build/librouteAU04Observer.so (0x00007bd45b0a9000)
	librouteADiagnosticIsothermalFluid.so => /home/mirai/OpenFOAM/mirai-13/run/deVahlDavisBenchmark/results/routeA/diagnostic_transient/diagnostic_attempt_001/preparation/u04_verification/final/build/librouteADiagnosticIsothermalFluid.so (0x00007bd45af37000)
	libfluidSolver.so => /opt/openfoam13/platforms/linux64GccDPInt32Opt/lib/libfluidSolver.so (0x00007bd45aedc000)
	libfluidThermophysicalModels.so => /opt/openfoam13/platforms/linux64GccDPInt32Opt/lib/libfluidThermophysicalModels.so (0x00007bd45a200000)
	libcompressibleMomentumTransportModels.so => /opt/openfoam13/platforms/linux64GccDPInt32Opt/lib/libcompressibleMomentumTransportModels.so (0x00007bd459e00000)
	libfluidThermoThermophysicalTransportModels.so => /home/mirai/OpenFOAM/mirai-13/run/deVahlDavisBenchmark/results/routeA/diagnostic_transient/diagnostic_attempt_001/preparation/u04_verification/final/build/libfluidThermoThermophysicalTransportModels.so (0x00007bd45a176000)
	libfiniteVolume.so => /opt/openfoam13/platforms/linux64GccDPInt32Opt/lib/libfiniteVolume.so (0x00007bd457c00000)
	libOpenFOAM.so => /opt/openfoam13/platforms/linux64GccDPInt32Opt/lib/libOpenFOAM.so (0x00007bd457000000)
	libPstream.so => /opt/openfoam13/platforms/linux64GccDPInt32Opt/lib/openmpi-system/libPstream.so (0x00007bd45aeca000)
	libstdc++.so.6 => /usr/lib/x86_64-linux-gnu/libstdc++.so.6 (0x00007bd456c00000)
	libgcc_s.so.1 => /usr/lib/x86_64-linux-gnu/libgcc_s.so.1 (0x00007bd45ae9c000)
	libc.so.6 => /usr/lib/x86_64-linux-gnu/libc.so.6 (0x00007bd456800000)
	libcrypto.so.3 => /usr/lib/x86_64-linux-gnu/libcrypto.so.3 (0x00007bd456200000)
	libmomentumTransportModels.so => /opt/openfoam13/platforms/linux64GccDPInt32Opt/lib/libmomentumTransportModels.so (0x00007bd455e00000)
	libincompressibleMomentumTransportModels.so => /opt/openfoam13/platforms/linux64GccDPInt32Opt/lib/libincompressibleMomentumTransportModels.so (0x00007bd455a00000)
	libphysicalProperties.so => /opt/openfoam13/platforms/linux64GccDPInt32Opt/lib/libphysicalProperties.so (0x00007bd45ae5e000)
	libfvModels.so => /opt/openfoam13/platforms/linux64GccDPInt32Opt/lib/libfvModels.so (0x00007bd455600000)
	libfvConstraints.so => /opt/openfoam13/platforms/linux64GccDPInt32Opt/lib/libfvConstraints.so (0x00007bd45540c000)
	libsampling.so => /opt/openfoam13/platforms/linux64GccDPInt32Opt/lib/libsampling.so (0x00007bd455000000)
	libmeshTools.so => /opt/openfoam13/platforms/linux64GccDPInt32Opt/lib/libmeshTools.so (0x00007bd454a00000)
	libm.so.6 => /usr/lib/x86_64-linux-gnu/libm.so.6 (0x00007bd459d17000)
	libspecie.so => /opt/openfoam13/platforms/linux64GccDPInt32Opt/lib/libspecie.so (0x00007bd45a123000)
	libthermophysicalProperties.so => /opt/openfoam13/platforms/linux64GccDPInt32Opt/lib/libthermophysicalProperties.so (0x00007bd456ed2000)
	libfluidThermophysicalTransportModel.so => /opt/openfoam13/platforms/linux64GccDPInt32Opt/lib/libfluidThermophysicalTransportModel.so (0x00007bd459c8e000)
	libtriSurface.so => /opt/openfoam13/platforms/linux64GccDPInt32Opt/lib/libtriSurface.so (0x00007bd456b64000)
	libz.so.1 => /usr/lib/x86_64-linux-gnu/libz.so.1 (0x00007bd45a107000)
	libmpi.so.40 => /usr/lib/x86_64-linux-gnu/libmpi.so.40 (0x00007bd456a32000)
	/lib64/ld-linux-x86-64.so.2 (0x00007bd45b17e000)
	libsolidThermo.so => /opt/openfoam13/platforms/linux64GccDPInt32Opt/lib/libsolidThermo.so (0x00007bd454400000)
	libthermophysicalTransportModel.so => /opt/openfoam13/platforms/linux64GccDPInt32Opt/lib/libthermophysicalTransportModel.so (0x00007bd45a100000)
	libmulticomponentThermophysicalModels.so => /opt/openfoam13/platforms/linux64GccDPInt32Opt/lib/libmulticomponentThermophysicalModels.so (0x00007bd451000000)
	libsurfMesh.so => /opt/openfoam13/platforms/linux64GccDPInt32Opt/lib/libsurfMesh.so (0x00007bd455307000)
	libfileFormats.so => /opt/openfoam13/platforms/linux64GccDPInt32Opt/lib/libfileFormats.so (0x00007bd45a0d0000)
	liblagrangian.so => /opt/openfoam13/platforms/linux64GccDPInt32Opt/lib/liblagrangian.so (0x00007bd459c5d000)
	libtracking.so => /opt/openfoam13/platforms/linux64GccDPInt32Opt/lib/libtracking.so (0x00007bd45a0b8000)
	libopen-rte.so.40 => /usr/lib/x86_64-linux-gnu/libopen-rte.so.40 (0x00007bd456744000)
	libopen-pal.so.40 => /usr/lib/x86_64-linux-gnu/libopen-pal.so.40 (0x00007bd45614c000)
	libhwloc.so.15 => /usr/lib/x86_64-linux-gnu/libhwloc.so.15 (0x00007bd457b9f000)
	libevent_core-2.1.so.7 => /usr/lib/x86_64-linux-gnu/libevent_core-2.1.so.7 (0x00007bd456e9d000)
	libevent_pthreads-2.1.so.7 => /usr/lib/x86_64-linux-gnu/libevent_pthreads-2.1.so.7 (0x00007bd45a0b1000)
	libudev.so.1 => /usr/lib/x86_64-linux-gnu/libudev.so.1 (0x00007bd456119000)
	libcap.so.2 => /usr/lib/x86_64-linux-gnu/libcap.so.2 (0x00007bd459c50000)
