	linux-vdso.so.1 (0x00007a7b5cd32000)
	librouteAU04Observer.so => /home/mirai/OpenFOAM/mirai-13/run/deVahlDavisBenchmark/results/routeA/diagnostic_transient/diagnostic_attempt_001/preparation/u04_verification/final/build/librouteAU04Observer.so (0x00007a7b5cb5a000)
	libfluidSolver.so => /opt/openfoam13/platforms/linux64GccDPInt32Opt/lib/libfluidSolver.so (0x00007a7b5caff000)
	libfluidThermophysicalModels.so => /opt/openfoam13/platforms/linux64GccDPInt32Opt/lib/libfluidThermophysicalModels.so (0x00007a7b5be00000)
	libcompressibleMomentumTransportModels.so => /opt/openfoam13/platforms/linux64GccDPInt32Opt/lib/libcompressibleMomentumTransportModels.so (0x00007a7b5ba00000)
	libfiniteVolume.so => /opt/openfoam13/platforms/linux64GccDPInt32Opt/lib/libfiniteVolume.so (0x00007a7b59800000)
	libOpenFOAM.so => /opt/openfoam13/platforms/linux64GccDPInt32Opt/lib/libOpenFOAM.so (0x00007a7b58c00000)
	libPstream.so => /opt/openfoam13/platforms/linux64GccDPInt32Opt/lib/openmpi-system/libPstream.so (0x00007a7b5caed000)
	libstdc++.so.6 => /usr/lib/x86_64-linux-gnu/libstdc++.so.6 (0x00007a7b58800000)
	libgcc_s.so.1 => /usr/lib/x86_64-linux-gnu/libgcc_s.so.1 (0x00007a7b5cabd000)
	libc.so.6 => /usr/lib/x86_64-linux-gnu/libc.so.6 (0x00007a7b58400000)
	libcrypto.so.3 => /usr/lib/x86_64-linux-gnu/libcrypto.so.3 (0x00007a7b57e00000)
	libmomentumTransportModels.so => /opt/openfoam13/platforms/linux64GccDPInt32Opt/lib/libmomentumTransportModels.so (0x00007a7b57a00000)
	libincompressibleMomentumTransportModels.so => /opt/openfoam13/platforms/linux64GccDPInt32Opt/lib/libincompressibleMomentumTransportModels.so (0x00007a7b57600000)
	libphysicalProperties.so => /opt/openfoam13/platforms/linux64GccDPInt32Opt/lib/libphysicalProperties.so (0x00007a7b5ca7f000)
	libfvModels.so => /opt/openfoam13/platforms/linux64GccDPInt32Opt/lib/libfvModels.so (0x00007a7b57200000)
	libfvConstraints.so => /opt/openfoam13/platforms/linux64GccDPInt32Opt/lib/libfvConstraints.so (0x00007a7b5700c000)
	libsampling.so => /opt/openfoam13/platforms/linux64GccDPInt32Opt/lib/libsampling.so (0x00007a7b56c00000)
	libmeshTools.so => /opt/openfoam13/platforms/linux64GccDPInt32Opt/lib/libmeshTools.so (0x00007a7b56600000)
	libm.so.6 => /usr/lib/x86_64-linux-gnu/libm.so.6 (0x00007a7b5bd17000)
	libspecie.so => /opt/openfoam13/platforms/linux64GccDPInt32Opt/lib/libspecie.so (0x00007a7b5bcc4000)
	libthermophysicalProperties.so => /opt/openfoam13/platforms/linux64GccDPInt32Opt/lib/libthermophysicalProperties.so (0x00007a7b5b8d2000)
	libtriSurface.so => /opt/openfoam13/platforms/linux64GccDPInt32Opt/lib/libtriSurface.so (0x00007a7b58b64000)
	libz.so.1 => /usr/lib/x86_64-linux-gnu/libz.so.1 (0x00007a7b5ca5f000)
	libmpi.so.40 => /usr/lib/x86_64-linux-gnu/libmpi.so.40 (0x00007a7b586ce000)
	/lib64/ld-linux-x86-64.so.2 (0x00007a7b5cd34000)
	libfluidThermoThermophysicalTransportModels.so => /home/mirai/OpenFOAM/mirai-13/run/deVahlDavisBenchmark/results/routeA/diagnostic_transient/diagnostic_attempt_001/preparation/u04_verification/final/build/libfluidThermoThermophysicalTransportModels.so (0x00007a7b5b848000)
	libfluidThermophysicalTransportModel.so => /opt/openfoam13/platforms/linux64GccDPInt32Opt/lib/libfluidThermophysicalTransportModel.so (0x00007a7b58adb000)
	libsolidThermo.so => /opt/openfoam13/platforms/linux64GccDPInt32Opt/lib/libsolidThermo.so (0x00007a7b56000000)
	libthermophysicalTransportModel.so => /opt/openfoam13/platforms/linux64GccDPInt32Opt/lib/libthermophysicalTransportModel.so (0x00007a7b5ca56000)
	libmulticomponentThermophysicalModels.so => /opt/openfoam13/platforms/linux64GccDPInt32Opt/lib/libmulticomponentThermophysicalModels.so (0x00007a7b52c00000)
	libsurfMesh.so => /opt/openfoam13/platforms/linux64GccDPInt32Opt/lib/libsurfMesh.so (0x00007a7b56f07000)
	libfileFormats.so => /opt/openfoam13/platforms/linux64GccDPInt32Opt/lib/libfileFormats.so (0x00007a7b597d0000)
	liblagrangian.so => /opt/openfoam13/platforms/linux64GccDPInt32Opt/lib/liblagrangian.so (0x00007a7b5979f000)
	libtracking.so => /opt/openfoam13/platforms/linux64GccDPInt32Opt/lib/libtracking.so (0x00007a7b59787000)
	libopen-rte.so.40 => /usr/lib/x86_64-linux-gnu/libopen-rte.so.40 (0x00007a7b58344000)
	libopen-pal.so.40 => /usr/lib/x86_64-linux-gnu/libopen-pal.so.40 (0x00007a7b5861a000)
	libhwloc.so.15 => /usr/lib/x86_64-linux-gnu/libhwloc.so.15 (0x00007a7b57d9f000)
	libevent_core-2.1.so.7 => /usr/lib/x86_64-linux-gnu/libevent_core-2.1.so.7 (0x00007a7b58aa6000)
	libevent_pthreads-2.1.so.7 => /usr/lib/x86_64-linux-gnu/libevent_pthreads-2.1.so.7 (0x00007a7b5bcbb000)
	libudev.so.1 => /usr/lib/x86_64-linux-gnu/libudev.so.1 (0x00007a7b57d6c000)
	libcap.so.2 => /usr/lib/x86_64-linux-gnu/libcap.so.2 (0x00007a7b5bcae000)
