	linux-vdso.so.1 (0x00007057038e6000)
	libcrypto.so.3 => /usr/lib/x86_64-linux-gnu/libcrypto.so.3 (0x0000705703200000)
	libfiniteVolume.so => /opt/openfoam13/platforms/linux64GccDPInt32Opt/lib/libfiniteVolume.so (0x0000705701000000)
	libOpenFOAM.so => /opt/openfoam13/platforms/linux64GccDPInt32Opt/lib/libOpenFOAM.so (0x0000705700400000)
	libPstream.so => /opt/openfoam13/platforms/linux64GccDPInt32Opt/lib/openmpi-system/libPstream.so (0x000070570386c000)
	libstdc++.so.6 => /usr/lib/x86_64-linux-gnu/libstdc++.so.6 (0x0000705700000000)
	libgcc_s.so.1 => /usr/lib/x86_64-linux-gnu/libgcc_s.so.1 (0x000070570383e000)
	libc.so.6 => /usr/lib/x86_64-linux-gnu/libc.so.6 (0x00007056ffc00000)
	libtriSurface.so => /opt/openfoam13/platforms/linux64GccDPInt32Opt/lib/libtriSurface.so (0x00007057037a0000)
	libmeshTools.so => /opt/openfoam13/platforms/linux64GccDPInt32Opt/lib/libmeshTools.so (0x00007056ff600000)
	libm.so.6 => /usr/lib/x86_64-linux-gnu/libm.so.6 (0x0000705703117000)
	libz.so.1 => /usr/lib/x86_64-linux-gnu/libz.so.1 (0x0000705703784000)
	libmpi.so.40 => /usr/lib/x86_64-linux-gnu/libmpi.so.40 (0x00007057002ce000)
	/lib64/ld-linux-x86-64.so.2 (0x00007057038e8000)
	libfileFormats.so => /opt/openfoam13/platforms/linux64GccDPInt32Opt/lib/libfileFormats.so (0x0000705703752000)
	libsurfMesh.so => /opt/openfoam13/platforms/linux64GccDPInt32Opt/lib/libsurfMesh.so (0x00007056ffefb000)
	libopen-rte.so.40 => /usr/lib/x86_64-linux-gnu/libopen-rte.so.40 (0x000070570305b000)
	libopen-pal.so.40 => /usr/lib/x86_64-linux-gnu/libopen-pal.so.40 (0x00007056ffe47000)
	libhwloc.so.15 => /usr/lib/x86_64-linux-gnu/libhwloc.so.15 (0x0000705700f9f000)
	libevent_core-2.1.so.7 => /usr/lib/x86_64-linux-gnu/libevent_core-2.1.so.7 (0x000070570371b000)
	libevent_pthreads-2.1.so.7 => /usr/lib/x86_64-linux-gnu/libevent_pthreads-2.1.so.7 (0x0000705703716000)
	libudev.so.1 => /usr/lib/x86_64-linux-gnu/libudev.so.1 (0x000070570029b000)
	libcap.so.2 => /usr/lib/x86_64-linux-gnu/libcap.so.2 (0x000070570304e000)
