	linux-vdso.so.1 (0x00007bf0e5e8d000)
	librouteAU04Observer.so => /home/mirai/OpenFOAM/mirai-13/run/deVahlDavisBenchmark/results/routeA/diagnostic_transient/diagnostic_attempt_001/preparation/u04_verification/final/build/librouteAU04Observer.so (0x00007bf0e5d5d000)
	libcrypto.so.3 => /usr/lib/x86_64-linux-gnu/libcrypto.so.3 (0x00007bf0e5800000)
	libfiniteVolume.so => /opt/openfoam13/platforms/linux64GccDPInt32Opt/lib/libfiniteVolume.so (0x00007bf0e3600000)
	libOpenFOAM.so => /opt/openfoam13/platforms/linux64GccDPInt32Opt/lib/libOpenFOAM.so (0x00007bf0e2a00000)
	libPstream.so => /opt/openfoam13/platforms/linux64GccDPInt32Opt/lib/openmpi-system/libPstream.so (0x00007bf0e5d4b000)
	libstdc++.so.6 => /usr/lib/x86_64-linux-gnu/libstdc++.so.6 (0x00007bf0e2600000)
	libgcc_s.so.1 => /usr/lib/x86_64-linux-gnu/libgcc_s.so.1 (0x00007bf0e5d1d000)
	libc.so.6 => /usr/lib/x86_64-linux-gnu/libc.so.6 (0x00007bf0e2200000)
	libtriSurface.so => /opt/openfoam13/platforms/linux64GccDPInt32Opt/lib/libtriSurface.so (0x00007bf0e5764000)
	libmeshTools.so => /opt/openfoam13/platforms/linux64GccDPInt32Opt/lib/libmeshTools.so (0x00007bf0e1c00000)
	libm.so.6 => /usr/lib/x86_64-linux-gnu/libm.so.6 (0x00007bf0e567b000)
	libz.so.1 => /usr/lib/x86_64-linux-gnu/libz.so.1 (0x00007bf0e565f000)
	libmpi.so.40 => /usr/lib/x86_64-linux-gnu/libmpi.so.40 (0x00007bf0e28ce000)
	/lib64/ld-linux-x86-64.so.2 (0x00007bf0e5e8f000)
	libfileFormats.so => /opt/openfoam13/platforms/linux64GccDPInt32Opt/lib/libfileFormats.so (0x00007bf0e35d0000)
	libsurfMesh.so => /opt/openfoam13/platforms/linux64GccDPInt32Opt/lib/libsurfMesh.so (0x00007bf0e24fb000)
	libopen-rte.so.40 => /usr/lib/x86_64-linux-gnu/libopen-rte.so.40 (0x00007bf0e243f000)
	libopen-pal.so.40 => /usr/lib/x86_64-linux-gnu/libopen-pal.so.40 (0x00007bf0e1b4c000)
	libhwloc.so.15 => /usr/lib/x86_64-linux-gnu/libhwloc.so.15 (0x00007bf0e219f000)
	libevent_core-2.1.so.7 => /usr/lib/x86_64-linux-gnu/libevent_core-2.1.so.7 (0x00007bf0e359b000)
	libevent_pthreads-2.1.so.7 => /usr/lib/x86_64-linux-gnu/libevent_pthreads-2.1.so.7 (0x00007bf0e565a000)
	libudev.so.1 => /usr/lib/x86_64-linux-gnu/libudev.so.1 (0x00007bf0e289b000)
	libcap.so.2 => /usr/lib/x86_64-linux-gnu/libcap.so.2 (0x00007bf0e564d000)
